<html>
<body>
<pre>
<h1>礦ision Build Log</h1>
<h2>Tool Versions:</h2>
IDE-Version: μVision V5.14.0.0
Copyright (C) 2015 ARM Ltd and ARM Germany GmbH. All rights reserved.
License Information: robojun Microsoft, Microsoft, LIC=VGXAR-KCL2Z-KNZAC-7RXXW-BVKYZ-R31W5
 
Tool Versions:
Toolchain:       MDK-ARM Standard  Version: 5.14.0.0
Toolchain Path:  C:\Keil_v5\ARM\ARMCC\Bin
C Compiler:      Armcc.exe V5.05 update 1 (build 106)
Assembler:       Armasm.exe V5.05 update 1 (build 106)
Linker/Locator:  ArmLink.exe V5.05 update 1 (build 106)
Library Manager: ArmAr.exe V5.05 update 1 (build 106)
Hex Converter:   FromElf.exe V5.05 update 1 (build 106)
CPU DLL:         SARMCM3.DLL V5.14.0.0
Dialog DLL:      DARMSTM.DLL V1.65.0.0
Target DLL:      STLink\ST-LINKIII-KEIL_SWO.dll V2.0.14.0_KEIL
Dialog DLL:      TARMSTM.DLL V1.64.0.0
 
<h2>Project:</h2>
D:\app\rbj\now\STM32\STTM32prro\STM32F103 战舰V3基础例程(HAL库版)\实验9 PWM输出实验\USER\PWM.uvprojx
Project File Date:  01/30/2018

<h2>Output:</h2>
Build target 'PWM'
compiling main.c...
main.c(30): warning:  #223-D: function "TIM_SetTIM3Compare3" declared implicitly
        TIM_SetTIM3Compare3(1500);      //修改比较值，修改占空比
main.c(33): warning:  #111-D: statement is unreachable
                delay_ms(10);           
main.c: 2 warnings, 0 errors
linking...
Program Size: Code=6560 RO-data=360 RW-data=16 ZI-data=2016  
FromELF: creating hex file...
"..\OBJ\Template.axf" - 0 Error(s), 2 Warning(s).

<h2>Collection of Component include folders:</h2>
  D:\app\rbj\now\STM32\STTM32prro\STM32F103 战舰V3基础例程(HAL库版)\实验9 PWM输出实验\USER\RTE
  C:\Keil_v5\ARM\PACK\Keil\STM32F1xx_DFP\1.1.0\Device\Include

<h2>Collection of Component Files used:</h2>
</pre>
</body>
</html>
