<html>
<body>
<pre>
<h1>µVision Build Log</h1>
<h2>Tool Versions:</h2>
IDE-Version: ¦ÌVision V5.14.0.0
Copyright (C) 2015 ARM Ltd and ARM Germany GmbH. All rights reserved.
License Information: robojun Microsoft, Microsoft, LIC=VGXAR-KCL2Z-KNZAC-7RXXW-BVKYZ-R31W5
 
Tool Versions:
Toolchain:       MDK-ARM Standard  Version: 5.14.0.0
Toolchain Path:  C:\Keil_v5\ARM\ARMCC\Bin
C Compiler:      Armcc.exe V5.05 update 1 (build 106)
Assembler:       Armasm.exe V5.05 update 1 (build 106)
Linker/Locator:  ArmLink.exe V5.05 update 1 (build 106)
Library Manager: ArmAr.exe V5.05 update 1 (build 106)
Hex Converter:   FromElf.exe V5.05 update 1 (build 106)
CPU DLL:         SARMCM3.DLL V5.14.0.0
Dialog DLL:      DARMSTM.DLL V1.65.0.0
Target DLL:      STLink\ST-LINKIII-KEIL_SWO.dll V2.0.14.0_KEIL
Dialog DLL:      TARMSTM.DLL V1.64.0.0
 
<h2>Project:</h2>
D:\app\rbj\now\STM32\STTM32prro\CWSTM32\USER\TOUCH.uvprojx
Project File Date:  01/06/2018

<h2>Output:</h2>
Build target 'Target 1'
compiling main.c...
data.h(18): warning:  #1-D: last line of file ends without a newline
  #endif
CWSTMdlg.h(83): warning:  #1295-D: Deprecated declaration DLG_Init - give arg types
  void DLG_Init();
CWSTMdlg.h(84): warning:  #1-D: last line of file ends without a newline
  #endif
main.c(21): warning:  #1295-D: Deprecated declaration MainCircle - give arg types
  void MainCircle();
main.c(91): warning:  #177-D: variable "key" was declared but never referenced
        u8 key;
main.c(92): warning:  #177-D: variable "j" was declared but never referenced
        int j;
main.c(148): warning:  #1-D: last line of file ends without a newline
  //            }
main.c: 7 warnings, 0 errors
linking...
Program Size: Code=19630 RO-data=317262 RW-data=120 ZI-data=2568  
FromELF: creating hex file...
"..\OBJ\TOUCH.axf" - 0 Error(s), 7 Warning(s).

<h2>Software Packages used:</h2>

Package Vendor: ARM
                http://www.keil.com/pack/ARM.CMSIS.4.2.0.pack
                ARM::CMSIS:CORE:3.40.0
                CMSIS (Cortex Microcontroller Software Interface Standard)
   * Component: CORE Version: 3.40.0

<h2>Collection of Component include folders:</h2>
  D:\app\rbj\now\STM32\STTM32prro\CWSTM32\USER\RTE
  C:\Keil_v5\ARM\PACK\ARM\CMSIS\4.2.0\CMSIS\Include
  C:\Keil_v5\ARM\PACK\Keil\STM32F1xx_DFP\1.1.0\Device\Include

<h2>Collection of Component Files used:</h2>

   * Component: ARM::CMSIS:CORE:3.40.0
      Source file:   CMSIS\UserCodeTemplates\ARM\ITM_Retarget.c
</pre>
</body>
</html>
