Component: ARM Compiler 5.05 update 1 (build 106) Tool: armlink [4d0efa]

==============================================================================

Section Cross References

    main.o(.text) refers to lcdbsp.o(.text) for LCD_Clear
    main.o(.text) refers to key.o(.text) for KEY_Scan
    main.o(.text) refers to cwstmdlg.o(.text) for Click_Frame
    main.o(.text) refers to data.o(.text) for DrawData
    main.o(.text) refers to timer.o(.text) for TIM3_PWM_Init
    main.o(.text) refers to stm32f10x_tim.o(.text) for TIM_SetCompare2
    main.o(.text) refers to delay.o(.text) for delay_init
    main.o(.text) refers to sys.o(.text) for NVIC_Configuration
    main.o(.text) refers to misc.o(.text) for NVIC_PriorityGroupConfig
    main.o(.text) refers to usart.o(.text) for uart_init
    main.o(.text) refers to led.o(.text) for LED_Init
    main.o(.text) refers to lcdbsp.o(.data) for POINT_COLOR
    main.o(.text) refers to lcdbsp.o(.bss) for lcddev
    main.o(.text) refers to cwstmdlg.o(.bss) for totalFrame
    main.o(.text) refers to cwstmdlg.o(.data) for curFrame
    main.o(.text) refers to main.o(.data) for i
    main.o(.text) refers to touch.o(.data) for tp_dev
    main.o(.text) refers to main.o(.constdata) for gImage_image
    main.o(.text) refers to main.o(.bss) for imageGroup
    system_stm32f10x.o(.text) refers to system_stm32f10x.o(.data) for SystemCoreClock
    led.o(.text) refers to stm32f10x_rcc.o(.text) for RCC_APB2PeriphClockCmd
    led.o(.text) refers to stm32f10x_gpio.o(.text) for GPIO_Init
    key.o(.text) refers to stm32f10x_rcc.o(.text) for RCC_APB2PeriphClockCmd
    key.o(.text) refers to stm32f10x_gpio.o(.text) for GPIO_Init
    key.o(.text) refers to delay.o(.text) for delay_ms
    key.o(.text) refers to key.o(.data) for key_up
    myiic.o(.text) refers to stm32f10x_rcc.o(.text) for RCC_APB2PeriphClockCmd
    myiic.o(.text) refers to stm32f10x_gpio.o(.text) for GPIO_Init
    myiic.o(.text) refers to delay.o(.text) for delay_us
    24cxx.o(.text) refers to myiic.o(.text) for IIC_Init
    24cxx.o(.text) refers to delay.o(.text) for delay_ms
    spi.o(.text) refers to stm32f10x_spi.o(.text) for SPI_I2S_GetFlagStatus
    spi.o(.text) refers to stm32f10x_rcc.o(.text) for RCC_APB2PeriphClockCmd
    spi.o(.text) refers to stm32f10x_gpio.o(.text) for GPIO_Init
    flash.o(.text) refers to spi.o(.text) for SPI2_ReadWriteByte
    flash.o(.text) refers to stm32f10x_rcc.o(.text) for RCC_APB2PeriphClockCmd
    flash.o(.text) refers to stm32f10x_gpio.o(.text) for GPIO_Init
    flash.o(.text) refers to delay.o(.text) for delay_us
    flash.o(.text) refers to flash.o(.data) for SPI_FLASH_TYPE
    flash.o(.text) refers to flash.o(.bss) for SPI_FLASH_BUF
    touch.o(.text) refers to delay.o(.text) for delay_us
    touch.o(.text) refers to lcdbsp.o(.text) for LCD_DrawLine
    touch.o(.text) refers to fflt_clz.o(x$fpl$fflt) for __aeabi_i2f
    touch.o(.text) refers to fflt_clz.o(x$fpl$ffltu) for __aeabi_ui2f
    touch.o(.text) refers to fmul.o(x$fpl$fmul) for __aeabi_fmul
    touch.o(.text) refers to faddsub_clz.o(x$fpl$fadd) for __aeabi_fadd
    touch.o(.text) refers to ffixu.o(x$fpl$ffixu) for __aeabi_f2uiz
    touch.o(.text) refers to ffix.o(x$fpl$ffix) for __aeabi_f2iz
    touch.o(.text) refers to 24cxx.o(.text) for AT24CXX_WriteLenByte
    touch.o(.text) refers to touch.o(.data) for CMD_RDX
    touch.o(.text) refers to lcdbsp.o(.data) for POINT_COLOR
    touch.o(.text) refers to fdiv.o(x$fpl$fdiv) for __aeabi_fdiv
    touch.o(.text) refers to dflt_clz.o(x$fpl$dfltu) for __aeabi_ui2d
    touch.o(.text) refers to sqrt.o(i.sqrt) for sqrt
    touch.o(.text) refers to dfixu.o(x$fpl$dfixu) for __aeabi_d2uiz
    touch.o(.text) refers to lcdbsp.o(.bss) for lcddev
    touch.o(.text) refers to f2d.o(x$fpl$f2d) for __aeabi_f2d
    touch.o(.text) refers to dleqf.o(x$fpl$dleqf) for __aeabi_cdcmple
    touch.o(.text) refers to drleqf.o(x$fpl$drleqf) for __aeabi_cdrcmple
    touch.o(.text) refers to faddsub_clz.o(x$fpl$fsub) for __aeabi_fsub
    touch.o(.text) refers to stm32f10x_rcc.o(.text) for RCC_APB2PeriphClockCmd
    touch.o(.text) refers to stm32f10x_gpio.o(.text) for GPIO_Init
    touch.o(.data) refers to touch.o(.text) for TP_Init
    touch.o(.data) refers to touch.o(.conststring) for .conststring
    cwstmdlg.o(.text) refers to lcdbsp.o(.text) for LCD_Color_Fill
    cwstmdlg.o(.text) refers to cwstmdlg.o(.bss) for totaldata
    cwstmdlg.o(.text) refers to cwstmdlg.o(.data) for curFrame
    cwstmdlg.o(.text) refers to dflt_clz.o(x$fpl$dflt) for __aeabi_i2d
    cwstmdlg.o(.text) refers to dmul.o(x$fpl$dmul) for __aeabi_dmul
    cwstmdlg.o(.text) refers to dfix.o(x$fpl$dfix) for __aeabi_d2iz
    cwstmdlg.o(.text) refers to ffix.o(x$fpl$ffix) for __aeabi_f2iz
    cwstmdlg.o(.text) refers to cwstmdlg.o(.constdata) for gImage_NUM0
    cwstmdlg.o(.text) refers to data.o(.bss) for imgnum
    data.o(.text) refers to lcdbsp.o(.text) for LCD_Color_Fill
    data.o(.text) refers to data.o(.bss) for imgnum
[...]
    ../clib/libinit.s                        0x00000000   Number         0  libinit2.o ABSOLUTE
    ../clib/libinit.s                        0x00000000   Number         0  libshutdown.o ABSOLUTE
    ../clib/libinit.s                        0x00000000   Number         0  libinit.o ABSOLUTE
    ../clib/libinit.s                        0x00000000   Number         0  libshutdown2.o ABSOLUTE
    ../clib/memcpset.s                       0x00000000   Number         0  rt_memclr_w.o ABSOLUTE
    ../clib/memcpset.s                       0x00000000   Number         0  rt_memcpy_w.o ABSOLUTE
    ../clib/memcpset.s                       0x00000000   Number         0  rt_memcpy_v6.o ABSOLUTE
    ../clib/memcpset.s                       0x00000000   Number         0  rt_memclr.o ABSOLUTE
    ../clib/signal.c                         0x00000000   Number         0  defsig_other.o ABSOLUTE
    ../clib/signal.c                         0x00000000   Number         0  defsig_segv_inner.o ABSOLUTE
    ../clib/signal.c                         0x00000000   Number         0  defsig_cppl_inner.o ABSOLUTE
    ../clib/signal.c                         0x00000000   Number         0  defsig_rtmem_inner.o ABSOLUTE
    ../clib/signal.c                         0x00000000   Number         0  defsig_exit.o ABSOLUTE
    ../clib/signal.c                         0x00000000   Number         0  defsig_stak_inner.o ABSOLUTE
    ../clib/signal.c                         0x00000000   Number         0  defsig_fpe_inner.o ABSOLUTE
    ../clib/signal.c                         0x00000000   Number         0  __raise.o ABSOLUTE
    ../clib/signal.c                         0x00000000   Number         0  defsig_rtred_inner.o ABSOLUTE
    ../clib/signal.c                         0x00000000   Number         0  defsig_general.o ABSOLUTE
    ../clib/signal.c                         0x00000000   Number         0  defsig_rtmem_formal.o ABSOLUTE
    ../clib/signal.c                         0x00000000   Number         0  defsig_abrt_inner.o ABSOLUTE
    ../clib/signal.c                         0x00000000   Number         0  defsig_pvfn_inner.o ABSOLUTE
    ../clib/signal.c                         0x00000000   Number         0  defsig_rtmem_outer.o ABSOLUTE
    ../clib/signal.s                         0x00000000   Number         0  defsig.o ABSOLUTE
    ../clib/stdlib.c                         0x00000000   Number         0  exit.o ABSOLUTE
    ../fplib/dcmpi.s                         0x00000000   Number         0  dcmpi.o ABSOLUTE
    ../fplib/dfix.s                          0x00000000   Number         0  dfix.o ABSOLUTE
    ../fplib/dfixu.s                         0x00000000   Number         0  dfixu.o ABSOLUTE
    ../fplib/dflt.s                          0x00000000   Number         0  dflt_clz.o ABSOLUTE
    ../fplib/dleqf.s                         0x00000000   Number         0  dleqf.o ABSOLUTE
    ../fplib/dmul.s                          0x00000000   Number         0  dmul.o ABSOLUTE
    ../fplib/dnaninf.s                       0x00000000   Number         0  dnaninf.o ABSOLUTE
    ../fplib/dretinf.s                       0x00000000   Number         0  dretinf.o ABSOLUTE
    ../fplib/drleqf.s                        0x00000000   Number         0  drleqf.o ABSOLUTE
    ../fplib/dsqrt.s                         0x00000000   Number         0  dsqrt_noumaal.o ABSOLUTE
    ../fplib/f2d.s                           0x00000000   Number         0  f2d.o ABSOLUTE
    ../fplib/faddsub.s                       0x00000000   Number         0  faddsub_clz.o ABSOLUTE
    ../fplib/fdiv.s                          0x00000000   Number         0  fdiv.o ABSOLUTE
    ../fplib/ffix.s                          0x00000000   Number         0  ffix.o ABSOLUTE
    ../fplib/ffixu.s                         0x00000000   Number         0  ffixu.o ABSOLUTE
    ../fplib/fflt.s                          0x00000000   Number         0  fflt_clz.o ABSOLUTE
    ../fplib/fmul.s                          0x00000000   Number         0  fmul.o ABSOLUTE
    ../fplib/fnaninf.s                       0x00000000   Number         0  fnaninf.o ABSOLUTE
    ../fplib/fpinit.s                        0x00000000   Number         0  fpinit.o ABSOLUTE
    ../fplib/fretinf.s                       0x00000000   Number         0  fretinf.o ABSOLUTE
    ../fplib/usenofp.s                       0x00000000   Number         0  usenofp.o ABSOLUTE
    ../mathlib/sqrt.c                        0x00000000   Number         0  sqrt_x.o ABSOLUTE
    ../mathlib/sqrt.c                        0x00000000   Number         0  sqrt.o ABSOLUTE
    ..\CORE\core_cm3.c                       0x00000000   Number         0  core_cm3.o ABSOLUTE
    ..\CORE\startup_stm32f10x_hd.s           0x00000000   Number         0  startup_stm32f10x_hd.o ABSOLUTE
    ..\HARDWARE\24CXX\24cxx.c                0x00000000   Number         0  24cxx.o ABSOLUTE
    ..\HARDWARE\FLASH\flash.c                0x00000000   Number         0  flash.o ABSOLUTE
    ..\HARDWARE\IIC\myiic.c                  0x00000000   Number         0  myiic.o ABSOLUTE
    ..\HARDWARE\KEY\key.c                    0x00000000   Number         0  key.o ABSOLUTE
    ..\HARDWARE\LCD_API\LcdApi.c             0x00000000   Number         0  lcdapi.o ABSOLUTE
    ..\HARDWARE\LCD_BSP\LcdBsp.c             0x00000000   Number         0  lcdbsp.o ABSOLUTE
    ..\HARDWARE\LED\led.c                    0x00000000   Number         0  led.o ABSOLUTE
    ..\HARDWARE\SPI\spi.c                    0x00000000   Number         0  spi.o ABSOLUTE
    ..\HARDWARE\TIMER\timer.c                0x00000000   Number         0  timer.o ABSOLUTE
    ..\HARDWARE\TOUCH\touch.c                0x00000000   Number         0  touch.o ABSOLUTE
    ..\STM32F10x_FWLib\src\misc.c            0x00000000   Number         0  misc.o ABSOLUTE
    ..\STM32F10x_FWLib\src\stm32f10x_fsmc.c  0x00000000   Number         0  stm32f10x_fsmc.o ABSOLUTE
    ..\STM32F10x_FWLib\src\stm32f10x_gpio.c  0x00000000   Number         0  stm32f10x_gpio.o ABSOLUTE
    ..\STM32F10x_FWLib\src\stm32f10x_rcc.c   0x00000000   Number         0  stm32f10x_rcc.o ABSOLUTE
    ..\STM32F10x_FWLib\src\stm32f10x_spi.c   0x00000000   Number         0  stm32f10x_spi.o ABSOLUTE
    ..\STM32F10x_FWLib\src\stm32f10x_tim.c   0x00000000   Number         0  stm32f10x_tim.o ABSOLUTE
    ..\STM32F10x_FWLib\src\stm32f10x_usart.c 0x00000000   Number         0  stm32f10x_usart.o ABSOLUTE
    ..\SYSTEM\delay\delay.c                  0x00000000   Number         0  delay.o ABSOLUTE
    ..\SYSTEM\sys\sys.c                      0x00000000   Number         0  sys.o ABSOLUTE
    ..\SYSTEM\usart\usart.c                  0x00000000   Number         0  usart.o ABSOLUTE
    ..\\CORE\\core_cm3.c                     0x00000000   Number         0  core_cm3.o ABSOLUTE
    CWSTMdlg.c                               0x00000000   Number         0  cwstmdlg.o ABSOLUTE
    data.c                                   0x00000000   Number         0  data.o ABSOLUTE
    dc.s                                     0x00000000   Number         0  dc.o ABSOLUTE
    main.c                                   0x00000000   Number         0  main.o ABSOLUTE
    stm32f10x_it.c                           0x00000000   Number         0  stm32f10x_it.o ABSOLUTE
    system_stm32f10x.c                       0x00000000   Number         0  system_stm32f10x.o ABSOLUTE
    RESET                                    0x08000000   Section      304  startup_stm32f10x_hd.o(RESET)
    !!!main                                  0x08000130   Section        8  __main.o(!!!main)
    !!!scatter                               0x08000138   Section       52  __scatter.o(!!!scatter)
    !!handler_copy                           0x0800016c   Section       26  __scatter_copy.o(!!handler_copy)
    !!handler_zi                             0x08000188   Section       28  __scatter_zi.o(!!handler_zi)
    .ARM.Collect$$libinit$$00000000          0x080001a4   Section        2  libinit.o(.ARM.Collect$$libinit$$00000000)
    .ARM.Collect$$libinit$$00000002          0x080001a6   Section        0  libinit2.o(.ARM.Collect$$libinit$$00000002)
    .ARM.Collect$$libinit$$00000004          0x080001a6   Section        0  libinit2.o(.ARM.Collect$$libinit$$00000004)
    .ARM.Collect$$libinit$$0000000A          0x080001a6   Section        0  libinit2.o(.ARM.Collect$$libinit$$0000000A)
    .ARM.Collect$$libinit$$0000000C          0x080001a6   Section        0  libinit2.o(.ARM.Collect$$libinit$$0000000C)
    .ARM.Collect$$libinit$$0000000E          0x080001a6   Section        0  libinit2.o(.ARM.Collect$$libinit$$0000000E)
    .ARM.Collect$$libinit$$00000011          0x080001a6   Section        0  libinit2.o(.ARM.Collect$$libinit$$00000011)
    .ARM.Collect$$libinit$$00000013          0x080001a6   Section        0  libinit2.o(.ARM.Collect$$libinit$$00000013)
    .ARM.Collect$$libinit$$00000015          0x080001a6   Section        0  libinit2.o(.ARM.Collect$$libinit$$00000015)
    .ARM.Collect$$libinit$$00000017          0x080001a6   Section        0  libinit2.o(.ARM.Collect$$libinit$$00000017)
    .ARM.Collect$$libinit$$00000019          0x080001a6   Section        0  libinit2.o(.ARM.Collect$$libinit$$00000019)
    .ARM.Collect$$libinit$$0000001B          0x080001a6   Section        0  libinit2.o(.ARM.Collect$$libinit$$0000001B)
    .ARM.Collect$$libinit$$0000001D          0x080001a6   Section        0  libinit2.o(.ARM.Collect$$libinit$$0000001D)
    .ARM.Collect$$libinit$$0000001F          0x080001a6   Section        0  libinit2.o(.ARM.Collect$$libinit$$0000001F)
    .ARM.Collect$$libinit$$00000021          0x080001a6   Section        0  libinit2.o(.ARM.Collect$$libinit$$00000021)
    .ARM.Collect$$libinit$$00000023          0x080001a6   Section        0  libinit2.o(.ARM.Collect$$libinit$$00000023)
    .ARM.Collect$$libinit$$00000025          0x080001a6   Section        0  libinit2.o(.ARM.Collect$$libinit$$00000025)
    .ARM.Collect$$libinit$$0000002C          0x080001a6   Section        0  libinit2.o(.ARM.Collect$$libinit$$0000002C)
    .ARM.Collect$$libinit$$0000002E          0x080001a6   Section        0  libinit2.o(.ARM.Collect$$libinit$$0000002E)
    .ARM.Collect$$libinit$$00000030          0x080001a6   Section        0  libinit2.o(.ARM.Collect$$libinit$$00000030)
    .ARM.Collect$$libinit$$00000032          0x080001a6   Section        0  libinit2.o(.ARM.Collect$$libinit$$00000032)
    .ARM.Collect$$libinit$$00000033          0x080001a6   Section        2  libinit2.o(.ARM.Collect$$libinit$$00000033)
    .ARM.Collect$$libshutdown$$00000000      0x080001a8   Section        2  libshutdown.o(.ARM.Collect$$libshutdown$$00000000)
    .ARM.Collect$$libshutdown$$00000003      0x080001aa   Section        0  libshutdown2.o(.ARM.Collect$$libshutdown$$00000003)
    .ARM.Collect$$libshutdown$$00000006      0x080001aa   Section        0  libshutdown2.o(.ARM.Collect$$libshutdown$$00000006)
    .ARM.Collect$$libshutdown$$00000009      0x080001aa   Section        0  libshutdown2.o(.ARM.Collect$$libshutdown$$00000009)
    .ARM.Collect$$libshutdown$$0000000B      0x080001aa   Section        0  libshutdown2.o(.ARM.Collect$$libshutdown$$0000000B)
    .ARM.Collect$$libshutdown$$0000000E      0x080001aa   Section        0  libshutdown2.o(.ARM.Collect$$libshutdown$$0000000E)
    .ARM.Collect$$libshutdown$$0000000F      0x080001aa   Section        2  libshutdown2.o(.ARM.Collect$$libshutdown$$0000000F)
    .ARM.Collect$$rtentry$$00000000          0x080001ac   Section        0  __rtentry.o(.ARM.Collect$$rtentry$$00000000)
    .ARM.Collect$$rtentry$$00000002          0x080001ac   Section        0  __rtentry2.o(.ARM.Collect$$rtentry$$00000002)
    .ARM.Collect$$rtentry$$00000004          0x080001ac   Section        6  __rtentry4.o(.ARM.Collect$$rtentry$$00000004)
    .ARM.Collect$$rtentry$$00000009          0x080001b2   Section        0  __rtentry2.o(.ARM.Collect$$rtentry$$00000009)
    .ARM.Collect$$rtentry$$0000000A          0x080001b2   Section        4  __rtentry2.o(.ARM.Collect$$rtentry$$0000000A)
    .ARM.Collect$$rtentry$$0000000C          0x080001b6   Section        0  __rtentry2.o(.ARM.Collect$$rtentry$$0000000C)
    .ARM.Collect$$rtentry$$0000000D          0x080001b6   Section        8  __rtentry2.o(.ARM.Collect$$rtentry$$0000000D)
    .ARM.Collect$$rtexit$$00000000           0x080001be   Section        2  rtexit.o(.ARM.Collect$$rtexit$$00000000)
    .ARM.Collect$$rtexit$$00000002           0x080001c0   Section        0  rtexit2.o(.ARM.Collect$$rtexit$$00000002)
    .ARM.Collect$$rtexit$$00000003           0x080001c0   Section        4  rtexit2.o(.ARM.Collect$$rtexit$$00000003)
    .ARM.Collect$$rtexit$$00000004           0x080001c4   Section        6  rtexit2.o(.ARM.Collect$$rtexit$$00000004)
    .text                                    0x080001cc   Section        0  main.o(.text)
    .text                                    0x08000534   Section        0  stm32f10x_it.o(.text)
    .text                                    0x08000550   Section        0  system_stm32f10x.o(.text)
    SetSysClockTo72                          0x08000551   Thumb Code   214  system_stm32f10x.o(.text)
    SetSysClock                              0x08000627   Thumb Code     8  system_stm32f10x.o(.text)
    .text                                    0x08000730   Section        0  led.o(.text)
    .text                                    0x080007b4   Section        0  key.o(.text)
    .text                                    0x080008b0   Section        0  myiic.o(.text)
    .text                                    0x08000b30   Section        0  24cxx.o(.text)
    .text                                    0x08000cac   Section        0  touch.o(.text)
    .text                                    0x08001c14   Section        0  cwstmdlg.o(.text)
    .text                                    0x08002688   Section        0  data.o(.text)
    .text                                    0x080027c0   Section        0  lcdbsp.o(.text)
    .text                                    0x080034e0   Section        0  timer.o(.text)
    .text                                    0x08003614   Section        0  delay.o(.text)
    .text                                    0x080036e8   Section        0  sys.o(.text)
    .text                                    0x080036f4   Section        0  usart.o(.text)
    .text                                    0x0800383c   Section       64  startup_stm32f10x_hd.o(.text)
    .text                                    0x0800387c   Section        0  misc.o(.text)
    .text                                    0x08003958   Section        0  stm32f10x_fsmc.o(.text)
    .text                                    0x08003f64   Section        0  stm32f10x_gpio.o(.text)
    .text                                    0x080042c0   Section        0  stm32f10x_rcc.o(.text)
    .text                                    0x08004664   Section        0  stm32f10x_usart.o(.text)
    .text                                    0x08004a6c   Section        0  stm32f10x_tim.o(.text)
    TI4_Config                               0x08004f13   Thumb Code   130  stm32f10x_tim.o(.text)
    TI3_Config                               0x08004fa7   Thumb Code   122  stm32f10x_tim.o(.text)
    TI2_Config                               0x0800503b   Thumb Code   130  stm32f10x_tim.o(.text)
    TI1_Config                               0x080050cf   Thumb Code   108  stm32f10x_tim.o(.text)
    .text                                    0x08005886   Section        2  use_no_semi_2.o(.text)
    .text                                    0x08005888   Section        0  heapauxi.o(.text)
    .text                                    0x0800588e   Section        2  use_no_semi.o(.text)
    .text                                    0x08005890   Section        0  _rserrno.o(.text)
    .text                                    0x080058a8   Section        8  rt_errno_addr_intlibspace.o(.text)
    .text                                    0x080058b0   Section        8  libspace.o(.text)
    .text                                    0x080058b8   Section       74  sys_stackheap_outer.o(.text)
    .text                                    0x08005902   Section        0  exit.o(.text)
    i.sqrt                                   0x0800590e   Section        0  sqrt.o(i.sqrt)
    x$fpl$dcmpinf                            0x0800595a   Section       24  dcmpi.o(x$fpl$dcmpinf)
    x$fpl$dfix                               0x08005974   Section       94  dfix.o(x$fpl$dfix)
    x$fpl$dfixu                              0x080059d4   Section       90  dfixu.o(x$fpl$dfixu)
    x$fpl$dflt                               0x08005a2e   Section       46  dflt_clz.o(x$fpl$dflt)
    x$fpl$dfltu                              0x08005a5c   Section       38  dflt_clz.o(x$fpl$dfltu)
    x$fpl$dleqf                              0x08005a84   Section      120  dleqf.o(x$fpl$dleqf)
    x$fpl$dmul                               0x08005afc   Section      340  dmul.o(x$fpl$dmul)
    x$fpl$dnaninf                            0x08005c50   Section      156  dnaninf.o(x$fpl$dnaninf)
    x$fpl$dretinf                            0x08005cec   Section       12  dretinf.o(x$fpl$dretinf)
    x$fpl$drleqf                             0x08005cf8   Section      108  drleqf.o(x$fpl$drleqf)
    x$fpl$dsqrt                              0x08005d64   Section      460  dsqrt_noumaal.o(x$fpl$dsqrt)
    x$fpl$f2d                                0x08005f30   Section       86  f2d.o(x$fpl$f2d)
    x$fpl$fadd                               0x08005f88   Section      196  faddsub_clz.o(x$fpl$fadd)
    _fadd1                                   0x08005f97   Thumb Code     0  faddsub_clz.o(x$fpl$fadd)
    x$fpl$fdiv                               0x0800604c   Section      388  fdiv.o(x$fpl$fdiv)
    _fdiv1                                   0x0800604d   Thumb Code     0  fdiv.o(x$fpl$fdiv)
    x$fpl$ffix                               0x080061d0   Section       54  ffix.o(x$fpl$ffix)
    x$fpl$ffixu                              0x08006208   Section       62  ffixu.o(x$fpl$ffixu)
    x$fpl$fflt                               0x08006248   Section       48  fflt_clz.o(x$fpl$fflt)
    x$fpl$ffltu                              0x08006278   Section       38  fflt_clz.o(x$fpl$ffltu)
    x$fpl$fmul                               0x080062a0   Section      258  fmul.o(x$fpl$fmul)
    x$fpl$fnaninf                            0x080063a2   Section      140  fnaninf.o(x$fpl$fnaninf)
    x$fpl$fretinf                            0x0800642e   Section       10  fretinf.o(x$fpl$fretinf)
    x$fpl$fsub                               0x08006438   Section      234  faddsub_clz.o(x$fpl$fsub)
    _fsub1                                   0x08006447   Thumb Code     0  faddsub_clz.o(x$fpl$fsub)
    .constdata                               0x08006522   Section    153600  main.o(.constdata)
    x$fpl$usenofp                            0x08006522   Section        0  usenofp.o(x$fpl$usenofp)
    .constdata                               0x0802bd22   Section    310720  cwstmdlg.o(.constdata)
    .constdata                               0x08077ae2   Section     6080  lcdbsp.o(.constdata)
    .conststring                             0x080792a4   Section      121  touch.o(.conststring)
    .data                                    0x20000000   Section        4  main.o(.data)
    .data                                    0x20000004   Section       20  system_stm32f10x.o(.data)
    .data                                    0x20000018   Section        1  key.o(.data)
    key_up                                   0x20000018   Data           1  key.o(.data)
    .data                                    0x2000001c   Section       48  touch.o(.data)
    .data                                    0x2000004c   Section        8  cwstmdlg.o(.data)
    .data                                    0x20000054   Section        4  lcdbsp.o(.data)
    .data                                    0x20000058   Section        4  delay.o(.data)
    fac_us                                   0x20000058   Data           1  delay.o(.data)
    fac_ms                                   0x2000005a   Data           2  delay.o(.data)
    .data                                    0x2000005c   Section        6  usart.o(.data)
    .data                                    0x20000062   Section       20  stm32f10x_rcc.o(.data)
    APBAHBPrescTable                         0x20000062   Data          16  stm32f10x_rcc.o(.data)
    ADCPrescTable                            0x20000072   Data           4  stm32f10x_rcc.o(.data)
    .bss                                     0x20000078   Section       12  main.o(.bss)
    .bss                                     0x20000084   Section      924  cwstmdlg.o(.bss)
    .bss                                     0x20000420   Section       40  data.o(.bss)
    .bss                                     0x20000448   Section       14  lcdbsp.o(.bss)
    .bss                                     0x20000456   Section      200  usart.o(.bss)
    .bss                                     0x20000520   Section       96  libspace.o(.bss)
    HEAP                                     0x20000580   Section      512  startup_stm32f10x_hd.o(HEAP)
    Heap_Mem                                 0x20000580   Data         512  startup_stm32f10x_hd.o(HEAP)
    STACK                                    0x20000780   Section     1024  startup_stm32f10x_hd.o(STACK)
    Stack_Mem                                0x20000780   Data        1024  startup_stm32f10x_hd.o(STACK)
    __initial_sp                             0x20000b80   Data           0  startup_stm32f10x_hd.o(STACK)

    Global Symbols

    Symbol Name                              Value     Ov Type        Size  Object(Section)

    BuildAttributes$$THM_ISAv4$P$D$K$B$S$PE$A:L22UL41UL21$X:L11$S22US41US21$IEEE1$IW$USESV6$~STKCKD$USESV7$~SHL$OTIME$ROPI$IEEEJ$EBA8$UX$STANDARDLIB$REQ8$PRES8$EABIv2 0x00000000   Number         0  anon$$obj.o ABSOLUTE
    __ARM_use_no_argv                        0x00000000   Number         0  main.o ABSOLUTE
    __ARM_exceptions_init                     - Undefined Weak Reference
    __alloca_initialize                       - Undefined Weak Reference
    __arm_preinit_                            - Undefined Weak Reference
    __cpp_initialize__aeabi_                  - Undefined Weak Reference
    __cxa_finalize                            - Undefined Weak Reference
    __rt_locale                               - Undefined Weak Reference
    __sigvec_lookup                           - Undefined Weak Reference
    _atexit_init                              - Undefined Weak Reference
    _call_atexit_fns                          - Undefined Weak Reference
    _clock_init                               - Undefined Weak Reference
    _fp_trap_init                             - Undefined Weak Reference
    _fp_trap_shutdown                         - Undefined Weak Reference
    _get_lc_collate                           - Undefined Weak Reference
    _get_lc_ctype                             - Undefined Weak Reference
    _get_lc_monetary                          - Undefined Weak Reference
    _get_lc_numeric                           - Undefined Weak Reference
    _get_lc_time                              - Undefined Weak Reference
    _getenv_init                              - Undefined Weak Reference
    _handle_redirection                       - Undefined Weak Reference
    _init_alloc                               - Undefined Weak Reference
    _init_user_alloc                          - Undefined Weak Reference
    _initio                                   - Undefined Weak Reference
    _rand_init                                - Undefined Weak Reference
    _signal_finish                            - Undefined Weak Reference
    _signal_init                              - Undefined Weak Reference
    _terminate_alloc                          - Undefined Weak Reference
    _terminate_user_alloc                     - Undefined Weak Reference
    _terminateio                              - Undefined Weak Reference
    __Vectors_Size                           0x00000130   Number         0  startup_stm32f10x_hd.o ABSOLUTE
    __Vectors                                0x08000000   Data           4  startup_stm32f10x_hd.o(RESET)
    __Vectors_End                            0x08000130   Data           0  startup_stm32f10x_hd.o(RESET)
    __main                                   0x08000131   Thumb Code     8  __main.o(!!!main)
    __scatterload                            0x08000139   Thumb Code     0  __scatter.o(!!!scatter)
    __scatterload_rt2                        0x08000139   Thumb Code    44  __scatter.o(!!!scatter)
    __scatterload_rt2_thumb_only             0x08000139   Thumb Code     0  __scatter.o(!!!scatter)
    __scatterload_null                       0x08000147   Thumb Code     0  __scatter.o(!!!scatter)
    __scatterload_copy                       0x0800016d   Thumb Code    26  __scatter_copy.o(!!handler_copy)
    __scatterload_zeroinit                   0x08000189   Thumb Code    28  __scatter_zi.o(!!handler_zi)
    __rt_lib_init                            0x080001a5   Thumb Code     0  libinit.o(.ARM.Collect$$libinit$$00000000)
    __rt_lib_init_alloca_1                   0x080001a7   Thumb Code     0  libinit2.o(.ARM.Collect$$libinit$$0000002E)
    __rt_lib_init_argv_1                     0x080001a7   Thumb Code     0  libinit2.o(.ARM.Collect$$libinit$$0000002C)
    __rt_lib_init_atexit_1                   0x080001a7   Thumb Code     0  libinit2.o(.ARM.Collect$$libinit$$0000001B)
    __rt_lib_init_clock_1                    0x080001a7   Thumb Code     0  libinit2.o(.ARM.Collect$$libinit$$00000021)
    __rt_lib_init_cpp_1                      0x080001a7   Thumb Code     0  libinit2.o(.ARM.Collect$$libinit$$00000032)
    __rt_lib_init_exceptions_1               0x080001a7   Thumb Code     0  libinit2.o(.ARM.Collect$$libinit$$00000030)
    __rt_lib_init_fp_1                       0x080001a7   Thumb Code     0  libinit2.o(.ARM.Collect$$libinit$$00000002)
    __rt_lib_init_fp_trap_1                  0x080001a7   Thumb Code     0  libinit2.o(.ARM.Collect$$libinit$$0000001F)
    __rt_lib_init_getenv_1                   0x080001a7   Thumb Code     0  libinit2.o(.ARM.Collect$$libinit$$00000023)
    __rt_lib_init_heap_1                     0x080001a7   Thumb Code     0  libinit2.o(.ARM.Collect$$libinit$$0000000A)
    __rt_lib_init_lc_collate_1               0x080001a7   Thumb Code     0  libinit2.o(.ARM.Collect$$libinit$$00000011)
    __rt_lib_init_lc_ctype_1                 0x080001a7   Thumb Code     0  libinit2.o(.ARM.Collect$$libinit$$00000013)
    __rt_lib_init_lc_monetary_1              0x080001a7   Thumb Code     0  libinit2.o(.ARM.Collect$$libinit$$00000015)
    __rt_lib_init_lc_numeric_1               0x080001a7   Thumb Code     0  libinit2.o(.ARM.Collect$$libinit$$00000017)
    __rt_lib_init_lc_time_1                  0x080001a7   Thumb Code     0  libinit2.o(.ARM.Collect$$libinit$$00000019)
    __rt_lib_init_preinit_1                  0x080001a7   Thumb Code     0  libinit2.o(.ARM.Collect$$libinit$$00000004)
    __rt_lib_init_rand_1                     0x080001a7   Thumb Code     0  libinit2.o(.ARM.Collect$$libinit$$0000000E)
    __rt_lib_init_return                     0x080001a7   Thumb Code     0  libinit2.o(.ARM.Collect$$libinit$$00000033)
    __rt_lib_init_signal_1                   0x080001a7   Thumb Code     0  libinit2.o(.ARM.Collect$$libinit$$0000001D)
    __rt_lib_init_stdio_1                    0x080001a7   Thumb Code     0  libinit2.o(.ARM.Collect$$libinit$$00000025)
    __rt_lib_init_user_alloc_1               0x080001a7   Thumb Code     0  libinit2.o(.ARM.Collect$$libinit$$0000000C)
    __rt_lib_shutdown                        0x080001a9   Thumb Code     0  libshutdown.o(.ARM.Collect$$libshutdown$$00000000)
    __rt_lib_shutdown_fp_trap_1              0x080001ab   Thumb Code     0  libshutdown2.o(.ARM.Collect$$libshutdown$$00000006)
    __rt_lib_shutdown_heap_1                 0x080001ab   Thumb Code     0  libshutdown2.o(.ARM.Collect$$libshutdown$$0000000E)
    __rt_lib_shutdown_return                 0x080001ab   Thumb Code     0  libshutdown2.o(.ARM.Collect$$libshutdown$$0000000F)
    __rt_lib_shutdown_signal_1               0x080001ab   Thumb Code     0  libshutdown2.o(.ARM.Collect$$libshutdown$$00000009)
    __rt_lib_shutdown_stdio_1                0x080001ab   Thumb Code     0  libshutdown2.o(.ARM.Collect$$libshutdown$$00000003)
    __rt_lib_shutdown_user_alloc_1           0x080001ab   Thumb Code     0  libshutdown2.o(.ARM.Collect$$libshutdown$$0000000B)
    __rt_entry                               0x080001ad   Thumb Code     0  __rtentry.o(.ARM.Collect$$rtentry$$00000000)
    __rt_entry_presh_1                       0x080001ad   Thumb Code     0  __rtentry2.o(.ARM.Collect$$rtentry$$00000002)
    __rt_entry_sh                            0x080001ad   Thumb Code     0  __rtentry4.o(.ARM.Collect$$rtentry$$00000004)
    __rt_entry_li                            0x080001b3   Thumb Code     0  __rtentry2.o(.ARM.Collect$$rtentry$$0000000A)
    __rt_entry_postsh_1                      0x080001b3   Thumb Code     0  __rtentry2.o(.ARM.Collect$$rtentry$$00000009)
    __rt_entry_main                          0x080001b7   Thumb Code     0  __rtentry2.o(.ARM.Collect$$rtentry$$0000000D)
    __rt_entry_postli_1                      0x080001b7   Thumb Code     0  __rtentry2.o(.ARM.Collect$$rtentry$$0000000C)
    __rt_exit                                0x080001bf   Thumb Code     0  rtexit.o(.ARM.Collect$$rtexit$$00000000)
    __rt_exit_ls                             0x080001c1   Thumb Code     0  rtexit2.o(.ARM.Collect$$rtexit$$00000003)
    __rt_exit_prels_1                        0x080001c1   Thumb Code     0  rtexit2.o(.ARM.Collect$$rtexit$$00000002)
    __rt_exit_exit                           0x080001c5   Thumb Code     0  rtexit2.o(.ARM.Collect$$rtexit$$00000004)
    Load_Drow_Dialog                         0x080001cd   Thumb Code    52  main.o(.text)
    MainCircle                               0x08000201   Thumb Code   510  main.o(.text)
    main                                     0x080003ff   Thumb Code   186  main.o(.text)
    NMI_Handler                              0x08000535   Thumb Code     2  stm32f10x_it.o(.text)
    HardFault_Handler                        0x08000537   Thumb Code     4  stm32f10x_it.o(.text)
    MemManage_Handler                        0x0800053b   Thumb Code     4  stm32f10x_it.o(.text)
    BusFault_Handler                         0x0800053f   Thumb Code     4  stm32f10x_it.o(.text)
    UsageFault_Handler                       0x08000543   Thumb Code     4  stm32f10x_it.o(.text)
    SVC_Handler                              0x08000547   Thumb Code     2  stm32f10x_it.o(.text)
    DebugMon_Handler                         0x08000549   Thumb Code     2  stm32f10x_it.o(.text)
    PendSV_Handler                           0x0800054b   Thumb Code     2  stm32f10x_it.o(.text)
    SysTick_Handler                          0x0800054d   Thumb Code     2  stm32f10x_it.o(.text)
    SystemInit                               0x0800062f   Thumb Code    78  system_stm32f10x.o(.text)
    SystemCoreClockUpdate                    0x0800067d   Thumb Code   142  system_stm32f10x.o(.text)
    LED_Init                                 0x08000731   Thumb Code   118  led.o(.text)
    KEY_Init                                 0x080007b5   Thumb Code    52  key.o(.text)
    KEY_Scan                                 0x080007e9   Thumb Code   188  key.o(.text)
    IIC_Init                                 0x080008b1   Thumb Code    62  myiic.o(.text)
    IIC_Start                                0x080008ef   Thumb Code    72  myiic.o(.text)
    IIC_Stop                                 0x08000937   Thumb Code    66  myiic.o(.text)
    IIC_Wait_Ack                             0x08000979   Thumb Code    90  myiic.o(.text)
    IIC_Ack                                  0x080009d3   Thumb Code    70  myiic.o(.text)
    IIC_NAck                                 0x08000a19   Thumb Code    70  myiic.o(.text)
    IIC_Send_Byte                            0x08000a5f   Thumb Code    94  myiic.o(.text)
    IIC_Read_Byte                            0x08000abd   Thumb Code   102  myiic.o(.text)
    AT24CXX_Init                             0x08000b31   Thumb Code     8  24cxx.o(.text)
    AT24CXX_ReadOneByte                      0x08000b39   Thumb Code    88  24cxx.o(.text)
    AT24CXX_WriteOneByte                     0x08000b91   Thumb Code    80  24cxx.o(.text)
    AT24CXX_WriteLenByte                     0x08000be1   Thumb Code    42  24cxx.o(.text)
    AT24CXX_ReadLenByte                      0x08000c0b   Thumb Code    44  24cxx.o(.text)
    AT24CXX_Check                            0x08000c37   Thumb Code    46  24cxx.o(.text)
    AT24CXX_Read                             0x08000c65   Thumb Code    34  24cxx.o(.text)
    AT24CXX_Write                            0x08000c87   Thumb Code    36  24cxx.o(.text)
    TP_Write_Byte                            0x08000cad   Thumb Code    54  touch.o(.text)
    TP_Read_AD                               0x08000ce3   Thumb Code   126  touch.o(.text)
    TP_Read_XOY                              0x08000d61   Thumb Code   120  touch.o(.text)
    TP_Read_XY                               0x08000dd9   Thumb Code    38  touch.o(.text)
    TP_Read_XY2                              0x08000dff   Thumb Code   192  touch.o(.text)
    TP_Drow_Touch_Point                      0x08000ebf   Thumb Code   108  touch.o(.text)
    TP_Draw_Big_Point                        0x08000f2b   Thumb Code    54  touch.o(.text)
    TP_Scan                                  0x08000f61   Thumb Code   246  touch.o(.text)
    TP_Save_Adjdata                          0x08001057   Thumb Code   158  touch.o(.text)
    TP_Get_Adjdata                           0x080010f5   Thumb Code   152  touch.o(.text)
    TP_Adj_Info_Show                         0x0800118d   Thumb Code   376  touch.o(.text)
    TP_Adjust                                0x08001305   Thumb Code  2106  touch.o(.text)
    TP_Init                                  0x08001b3f   Thumb Code   140  touch.o(.text)
    min                                      0x08001c15   Thumb Code    14  cwstmdlg.o(.text)
    max                                      0x08001c23   Thumb Code    14  cwstmdlg.o(.text)
    DrawPic                                  0x08001c31   Thumb Code     6  cwstmdlg.o(.text)
    DEALConTrolDOWN                          0x08001c37   Thumb Code    26  cwstmdlg.o(.text)
    DEALConTrolUP                            0x08001c51   Thumb Code  1024  cwstmdlg.o(.text)
    overlap                                  0x08002051   Thumb Code    36  cwstmdlg.o(.text)
    Click_Frame                              0x08002075   Thumb Code    86  cwstmdlg.o(.text)
    NClick_Frame                             0x080020cb   Thumb Code    72  cwstmdlg.o(.text)
    KEY_Frame                                0x08002113   Thumb Code   218  cwstmdlg.o(.text)
    NKEY_Frame                               0x080021ed   Thumb Code    78  cwstmdlg.o(.text)
    InitControl                              0x0800223b   Thumb Code    62  cwstmdlg.o(.text)
    InitData                                 0x08002279   Thumb Code    44  cwstmdlg.o(.text)
    Init_Num                                 0x080022a5   Thumb Code    44  cwstmdlg.o(.text)
    InitGroup                                0x080022d1   Thumb Code    14  cwstmdlg.o(.text)
    InitFrame                                0x080022df   Thumb Code   130  cwstmdlg.o(.text)
    DLG_Init                                 0x08002361   Thumb Code   784  cwstmdlg.o(.text)
    splitToNUM                               0x08002689   Thumb Code    90  data.o(.text)
    DrawData                                 0x080026e3   Thumb Code   212  data.o(.text)
    LCD_WR_REG                               0x080027c1   Thumb Code     6  lcdbsp.o(.text)
    LCD_WR_DATA                              0x080027c7   Thumb Code     8  lcdbsp.o(.text)
    LCD_RD_DATA                              0x080027cf   Thumb Code    16  lcdbsp.o(.text)
    LCD_WriteReg                             0x080027df   Thumb Code    10  lcdbsp.o(.text)
    LCD_ReadReg                              0x080027e9   Thumb Code    22  lcdbsp.o(.text)
    LCD_WriteRAM_Prepare                     0x080027ff   Thumb Code    10  lcdbsp.o(.text)
    LCD_WriteRAM                             0x08002809   Thumb Code     8  lcdbsp.o(.text)
    LCD_BGR2RGB                              0x08002811   Thumb Code    26  lcdbsp.o(.text)
    opt_delay                                0x0800282b   Thumb Code    14  lcdbsp.o(.text)
    LCD_SetCursor                            0x08002839   Thumb Code    48  lcdbsp.o(.text)
    LCD_ReadPoint                            0x08002869   Thumb Code   106  lcdbsp.o(.text)
    LCD_DisplayOn                            0x080028d3   Thumb Code    10  lcdbsp.o(.text)
    LCD_DisplayOff                           0x080028dd   Thumb Code    10  lcdbsp.o(.text)
    LCD_Scan_Dir                             0x080028e7   Thumb Code   240  lcdbsp.o(.text)
    LCD_DrawPoint                            0x080029d7   Thumb Code    30  lcdbsp.o(.text)
    LCD_Fast_DrawPoint                       0x080029f5   Thumb Code    60  lcdbsp.o(.text)
    LCD_SSD_BackLightSet                     0x08002a31   Thumb Code    80  lcdbsp.o(.text)
    LCD_Display_Dir                          0x08002a81   Thumb Code    78  lcdbsp.o(.text)
    LCD_Set_Window                           0x08002acf   Thumb Code    84  lcdbsp.o(.text)
    LCD_Clear                                0x08002b23   Thumb Code    44  lcdbsp.o(.text)
    LCD_Init                                 0x08002b4f   Thumb Code   968  lcdbsp.o(.text)
    LCD_Fill                                 0x08002f17   Thumb Code    80  lcdbsp.o(.text)
    LCD_Color_Fill                           0x08002f67   Thumb Code    92  lcdbsp.o(.text)
    LCD_DrawLine                             0x08002fc3   Thumb Code   194  lcdbsp.o(.text)
    LCD_DrawRectangle                        0x08003085   Thumb Code    60  lcdbsp.o(.text)
    LCD_Draw_Circle                          0x080030c1   Thumb Code   152  lcdbsp.o(.text)
    LCD_ShowChar                             0x08003159   Thumb Code   264  lcdbsp.o(.text)
    LCD_Pow                                  0x08003261   Thumb Code    22  lcdbsp.o(.text)
    LCD_ShowNum                              0x08003277   Thumb Code   148  lcdbsp.o(.text)
    LCD_ShowxNum                             0x0800330b   Thumb Code   190  lcdbsp.o(.text)
    LCD_ShowString                           0x080033c9   Thumb Code   102  lcdbsp.o(.text)
    Draw_Circle                              0x0800342f   Thumb Code   152  lcdbsp.o(.text)
    TIM3_Int_Init                            0x080034e1   Thumb Code    90  timer.o(.text)
    TIM3_IRQHandler                          0x0800353b   Thumb Code    38  timer.o(.text)
    TIM3_PWM_Init                            0x08003561   Thumb Code   164  timer.o(.text)
    delay_init                               0x08003615   Thumb Code    50  delay.o(.text)
    delay_us                                 0x08003647   Thumb Code    72  delay.o(.text)
    delay_ms                                 0x0800368f   Thumb Code    72  delay.o(.text)
    NVIC_Configuration                       0x080036e9   Thumb Code    12  sys.o(.text)
    _sys_exit                                0x080036f5   Thumb Code     6  usart.o(.text)
    fputc                                    0x080036fb   Thumb Code    24  usart.o(.text)
    uart_init                                0x08003713   Thumb Code   158  usart.o(.text)
    USART1_IRQHandler                        0x080037b1   Thumb Code   122  usart.o(.text)
    Reset_Handler                            0x0800383d   Thumb Code     8  startup_stm32f10x_hd.o(.text)
    ADC1_2_IRQHandler                        0x08003857   Thumb Code     0  startup_stm32f10x_hd.o(.text)
    ADC3_IRQHandler                          0x08003857   Thumb Code     0  startup_stm32f10x_hd.o(.text)
    CAN1_RX1_IRQHandler                      0x08003857   Thumb Code     0  startup_stm32f10x_hd.o(.text)
    CAN1_SCE_IRQHandler                      0x08003857   Thumb Code     0  startup_stm32f10x_hd.o(.text)
    DMA1_Channel1_IRQHandler                 0x08003857   Thumb Code     0  startup_stm32f10x_hd.o(.text)
    DMA1_Channel2_IRQHandler                 0x08003857   Thumb Code     0  startup_stm32f10x_hd.o(.text)
    DMA1_Channel3_IRQHandler                 0x08003857   Thumb Code     0  startup_stm32f10x_hd.o(.text)
    DMA1_Channel4_IRQHandler                 0x08003857   Thumb Code     0  startup_stm32f10x_hd.o(.text)
    DMA1_Channel5_IRQHandler                 0x08003857   Thumb Code     0  startup_stm32f10x_hd.o(.text)
    DMA1_Channel6_IRQHandler                 0x08003857   Thumb Code     0  startup_stm32f10x_hd.o(.text)
    DMA1_Channel7_IRQHandler                 0x08003857   Thumb Code     0  startup_stm32f10x_hd.o(.text)
    DMA2_Channel1_IRQHandler                 0x08003857   Thumb Code     0  startup_stm32f10x_hd.o(.text)
    DMA2_Channel2_IRQHandler                 0x08003857   Thumb Code     0  startup_stm32f10x_hd.o(.text)
    DMA2_Channel3_IRQHandler                 0x08003857   Thumb Code     0  startup_stm32f10x_hd.o(.text)
    DMA2_Channel4_5_IRQHandler               0x08003857   Thumb Code     0  startup_stm32f10x_hd.o(.text)
    EXTI0_IRQHandler                         0x08003857   Thumb Code     0  startup_stm32f10x_hd.o(.text)
    EXTI15_10_IRQHandler                     0x08003857   Thumb Code     0  startup_stm32f10x_hd.o(.text)
    EXTI1_IRQHandler                         0x08003857   Thumb Code     0  startup_stm32f10x_hd.o(.text)
    EXTI2_IRQHandler                         0x08003857   Thumb Code     0  startup_stm32f10x_hd.o(.text)
    EXTI3_IRQHandler                         0x08003857   Thumb Code     0  startup_stm32f10x_hd.o(.text)
    EXTI4_IRQHandler                         0x08003857   Thumb Code     0  startup_stm32f10x_hd.o(.text)
    EXTI9_5_IRQHandler                       0x08003857   Thumb Code     0  startup_stm32f10x_hd.o(.text)
    FLASH_IRQHandler                         0x08003857   Thumb Code     0  startup_stm32f10x_hd.o(.text)
    FSMC_IRQHandler                          0x08003857   Thumb Code     0  startup_stm32f10x_hd.o(.text)
    I2C1_ER_IRQHandler                       0x08003857   Thumb Code     0  startup_stm32f10x_hd.o(.text)
    I2C1_EV_IRQHandler                       0x08003857   Thumb Code     0  startup_stm32f10x_hd.o(.text)
    I2C2_ER_IRQHandler                       0x08003857   Thumb Code     0  startup_stm32f10x_hd.o(.text)
    I2C2_EV_IRQHandler                       0x08003857   Thumb Code     0  startup_stm32f10x_hd.o(.text)
    PVD_IRQHandler                           0x08003857   Thumb Code     0  startup_stm32f10x_hd.o(.text)
    RCC_IRQHandler                           0x08003857   Thumb Code     0  startup_stm32f10x_hd.o(.text)
    RTCAlarm_IRQHandler                      0x08003857   Thumb Code     0  startup_stm32f10x_hd.o(.text)
    RTC_IRQHandler                           0x08003857   Thumb Code     0  startup_stm32f10x_hd.o(.text)
    SDIO_IRQHandler                          0x08003857   Thumb Code     0  startup_stm32f10x_hd.o(.text)
    SPI1_IRQHandler                          0x08003857   Thumb Code     0  startup_stm32f10x_hd.o(.text)
    SPI2_IRQHandler                          0x08003857   Thumb Code     0  startup_stm32f10x_hd.o(.text)
    SPI3_IRQHandler                          0x08003857   Thumb Code     0  startup_stm32f10x_hd.o(.text)
    TAMPER_IRQHandler                        0x08003857   Thumb Code     0  startup_stm32f10x_hd.o(.text)
    TIM1_BRK_IRQHandler                      0x08003857   Thumb Code     0  startup_stm32f10x_hd.o(.text)
    TIM1_CC_IRQHandler                       0x08003857   Thumb Code     0  startup_stm32f10x_hd.o(.text)
    TIM1_TRG_COM_IRQHandler                  0x08003857   Thumb Code     0  startup_stm32f10x_hd.o(.text)
    TIM1_UP_IRQHandler                       0x08003857   Thumb Code     0  startup_stm32f10x_hd.o(.text)
    TIM2_IRQHandler                          0x08003857   Thumb Code     0  startup_stm32f10x_hd.o(.text)
    TIM4_IRQHandler                          0x08003857   Thumb Code     0  startup_stm32f10x_hd.o(.text)
    TIM5_IRQHandler                          0x08003857   Thumb Code     0  startup_stm32f10x_hd.o(.text)
    TIM6_IRQHandler                          0x08003857   Thumb Code     0  startup_stm32f10x_hd.o(.text)
    TIM7_IRQHandler                          0x08003857   Thumb Code     0  startup_stm32f10x_hd.o(.text)
    TIM8_BRK_IRQHandler                      0x08003857   Thumb Code     0  startup_stm32f10x_hd.o(.text)
    TIM8_CC_IRQHandler                       0x08003857   Thumb Code     0  startup_stm32f10x_hd.o(.text)
    TIM8_TRG_COM_IRQHandler                  0x08003857   Thumb Code     0  startup_stm32f10x_hd.o(.text)
    TIM8_UP_IRQHandler                       0x08003857   Thumb Code     0  startup_stm32f10x_hd.o(.text)
    UART4_IRQHandler                         0x08003857   Thumb Code     0  startup_stm32f10x_hd.o(.text)
    UART5_IRQHandler                         0x08003857   Thumb Code     0  startup_stm32f10x_hd.o(.text)
    USART2_IRQHandler                        0x08003857   Thumb Code     0  startup_stm32f10x_hd.o(.text)
    USART3_IRQHandler                        0x08003857   Thumb Code     0  startup_stm32f10x_hd.o(.text)
    USBWakeUp_IRQHandler                     0x08003857   Thumb Code     0  startup_stm32f10x_hd.o(.text)
    USB_HP_CAN1_TX_IRQHandler                0x08003857   Thumb Code     0  startup_stm32f10x_hd.o(.text)
    USB_LP_CAN1_RX0_IRQHandler               0x08003857   Thumb Code     0  startup_stm32f10x_hd.o(.text)
    WWDG_IRQHandler                          0x08003857   Thumb Code     0  startup_stm32f10x_hd.o(.text)
    __user_initial_stackheap                 0x08003859   Thumb Code     0  startup_stm32f10x_hd.o(.text)
    NVIC_PriorityGroupConfig                 0x0800387d   Thumb Code    10  misc.o(.text)
    NVIC_Init                                0x08003887   Thumb Code   100  misc.o(.text)
    NVIC_SetVectorTable                      0x080038eb   Thumb Code    14  misc.o(.text)
    NVIC_SystemLPConfig                      0x080038f9   Thumb Code    34  misc.o(.text)
    SysTick_CLKSourceConfig                  0x0800391b   Thumb Code    40  misc.o(.text)
    FSMC_NORSRAMDeInit                       0x08003959   Thumb Code    54  stm32f10x_fsmc.o(.text)
    FSMC_NANDDeInit                          0x0800398f   Thumb Code    62  stm32f10x_fsmc.o(.text)
    FSMC_PCCARDDeInit                        0x080039cd   Thumb Code    36  stm32f10x_fsmc.o(.text)
    FSMC_NORSRAMInit                         0x080039f1   Thumb Code   230  stm32f10x_fsmc.o(.text)
    FSMC_NANDInit                            0x08003ad7   Thumb Code   132  stm32f10x_fsmc.o(.text)
    FSMC_PCCARDInit                          0x08003b5b   Thumb Code   130  stm32f10x_fsmc.o(.text)
    FSMC_NORSRAMStructInit                   0x08003bdd   Thumb Code   114  stm32f10x_fsmc.o(.text)
    FSMC_NANDStructInit                      0x08003c4f   Thumb Code    54  stm32f10x_fsmc.o(.text)
    FSMC_PCCARDStructInit                    0x08003c85   Thumb Code    60  stm32f10x_fsmc.o(.text)
    FSMC_NORSRAMCmd                          0x08003cc1   Thumb Code    46  stm32f10x_fsmc.o(.text)
    FSMC_NANDCmd                             0x08003cef   Thumb Code    86  stm32f10x_fsmc.o(.text)
    FSMC_PCCARDCmd                           0x08003d45   Thumb Code    44  stm32f10x_fsmc.o(.text)
    FSMC_NANDECCCmd                          0x08003d71   Thumb Code    90  stm32f10x_fsmc.o(.text)
    FSMC_GetECC                              0x08003dcb   Thumb Code    24  stm32f10x_fsmc.o(.text)
    FSMC_ITConfig                            0x08003de3   Thumb Code   128  stm32f10x_fsmc.o(.text)
    FSMC_GetFlagStatus                       0x08003e63   Thumb Code    54  stm32f10x_fsmc.o(.text)
    FSMC_ClearFlag                           0x08003e99   Thumb Code    62  stm32f10x_fsmc.o(.text)
    FSMC_GetITStatus                         0x08003ed7   Thumb Code    64  stm32f10x_fsmc.o(.text)
    FSMC_ClearITPendingBit                   0x08003f17   Thumb Code    68  stm32f10x_fsmc.o(.text)
    GPIO_DeInit                              0x08003f65   Thumb Code   172  stm32f10x_gpio.o(.text)
    GPIO_AFIODeInit                          0x08004011   Thumb Code    20  stm32f10x_gpio.o(.text)
    GPIO_Init                                0x08004025   Thumb Code   278  stm32f10x_gpio.o(.text)
    GPIO_StructInit                          0x0800413b   Thumb Code    16  stm32f10x_gpio.o(.text)
    GPIO_ReadInputDataBit                    0x0800414b   Thumb Code    18  stm32f10x_gpio.o(.text)
    GPIO_ReadInputData                       0x0800415d   Thumb Code     8  stm32f10x_gpio.o(.text)
    GPIO_ReadOutputDataBit                   0x08004165   Thumb Code    18  stm32f10x_gpio.o(.text)
    GPIO_ReadOutputData                      0x08004177   Thumb Code     8  stm32f10x_gpio.o(.text)
    GPIO_SetBits                             0x0800417f   Thumb Code     4  stm32f10x_gpio.o(.text)
    GPIO_ResetBits                           0x08004183   Thumb Code     4  stm32f10x_gpio.o(.text)
    GPIO_WriteBit                            0x08004187   Thumb Code    10  stm32f10x_gpio.o(.text)
    GPIO_Write                               0x08004191   Thumb Code     4  stm32f10x_gpio.o(.text)
    GPIO_PinLockConfig                       0x08004195   Thumb Code    18  stm32f10x_gpio.o(.text)
    GPIO_EventOutputConfig                   0x080041a7   Thumb Code    26  stm32f10x_gpio.o(.text)
    GPIO_EventOutputCmd                      0x080041c1   Thumb Code     6  stm32f10x_gpio.o(.text)
    GPIO_PinRemapConfig                      0x080041c7   Thumb Code   138  stm32f10x_gpio.o(.text)
    GPIO_EXTILineConfig                      0x08004251   Thumb Code    66  stm32f10x_gpio.o(.text)
    GPIO_ETH_MediaInterfaceConfig            0x08004293   Thumb Code     8  stm32f10x_gpio.o(.text)
    RCC_DeInit                               0x080042c1   Thumb Code    64  stm32f10x_rcc.o(.text)
    RCC_HSEConfig                            0x08004301   Thumb Code    70  stm32f10x_rcc.o(.text)
    RCC_GetFlagStatus                        0x08004347   Thumb Code    56  stm32f10x_rcc.o(.text)
    RCC_WaitForHSEStartUp                    0x0800437f   Thumb Code    56  stm32f10x_rcc.o(.text)
    RCC_AdjustHSICalibrationValue            0x080043b7   Thumb Code    20  stm32f10x_rcc.o(.text)
    RCC_HSICmd                               0x080043cb   Thumb Code     6  stm32f10x_rcc.o(.text)
    RCC_PLLConfig                            0x080043d1   Thumb Code    24  stm32f10x_rcc.o(.text)
    RCC_PLLCmd                               0x080043e9   Thumb Code     6  stm32f10x_rcc.o(.text)
    RCC_SYSCLKConfig                         0x080043ef   Thumb Code    18  stm32f10x_rcc.o(.text)
    RCC_GetSYSCLKSource                      0x08004401   Thumb Code    10  stm32f10x_rcc.o(.text)
    RCC_HCLKConfig                           0x0800440b   Thumb Code    18  stm32f10x_rcc.o(.text)
    RCC_PCLK1Config                          0x0800441d   Thumb Code    18  stm32f10x_rcc.o(.text)
    RCC_PCLK2Config                          0x0800442f   Thumb Code    20  stm32f10x_rcc.o(.text)
    RCC_ITConfig                             0x08004443   Thumb Code    26  stm32f10x_rcc.o(.text)
    RCC_USBCLKConfig                         0x0800445d   Thumb Code     8  stm32f10x_rcc.o(.text)
    RCC_ADCCLKConfig                         0x08004465   Thumb Code    18  stm32f10x_rcc.o(.text)
    RCC_LSEConfig                            0x08004477   Thumb Code    50  stm32f10x_rcc.o(.text)
    RCC_LSICmd                               0x080044a9   Thumb Code     6  stm32f10x_rcc.o(.text)
    RCC_RTCCLKConfig                         0x080044af   Thumb Code    12  stm32f10x_rcc.o(.text)
    RCC_RTCCLKCmd                            0x080044bb   Thumb Code     8  stm32f10x_rcc.o(.text)
    RCC_GetClocksFreq                        0x080044c3   Thumb Code   192  stm32f10x_rcc.o(.text)
    RCC_AHBPeriphClockCmd                    0x08004583   Thumb Code    26  stm32f10x_rcc.o(.text)
    RCC_APB2PeriphClockCmd                   0x0800459d   Thumb Code    26  stm32f10x_rcc.o(.text)
    RCC_APB1PeriphClockCmd                   0x080045b7   Thumb Code    26  stm32f10x_rcc.o(.text)
    RCC_APB2PeriphResetCmd                   0x080045d1   Thumb Code    26  stm32f10x_rcc.o(.text)
    RCC_APB1PeriphResetCmd                   0x080045eb   Thumb Code    26  stm32f10x_rcc.o(.text)
    RCC_BackupResetCmd                       0x08004605   Thumb Code     8  stm32f10x_rcc.o(.text)
    RCC_ClockSecuritySystemCmd               0x0800460d   Thumb Code     6  stm32f10x_rcc.o(.text)
    RCC_MCOConfig                            0x08004613   Thumb Code     6  stm32f10x_rcc.o(.text)
    RCC_ClearFlag                            0x08004619   Thumb Code    14  stm32f10x_rcc.o(.text)
    RCC_GetITStatus                          0x08004627   Thumb Code    20  stm32f10x_rcc.o(.text)
    RCC_ClearITPendingBit                    0x0800463b   Thumb Code     6  stm32f10x_rcc.o(.text)
    USART_DeInit                             0x08004665   Thumb Code   134  stm32f10x_usart.o(.text)
    USART_Init                               0x080046eb   Thumb Code   210  stm32f10x_usart.o(.text)
    USART_StructInit                         0x080047bd   Thumb Code    24  stm32f10x_usart.o(.text)
    USART_ClockInit                          0x080047d5   Thumb Code    34  stm32f10x_usart.o(.text)
    USART_ClockStructInit                    0x080047f7   Thumb Code    12  stm32f10x_usart.o(.text)
    USART_Cmd                                0x08004803   Thumb Code    24  stm32f10x_usart.o(.text)
    USART_ITConfig                           0x0800481b   Thumb Code    74  stm32f10x_usart.o(.text)
    USART_DMACmd                             0x08004865   Thumb Code    18  stm32f10x_usart.o(.text)
    USART_SetAddress                         0x08004877   Thumb Code    18  stm32f10x_usart.o(.text)
    USART_WakeUpConfig                       0x08004889   Thumb Code    18  stm32f10x_usart.o(.text)
    USART_ReceiverWakeUpCmd                  0x0800489b   Thumb Code    24  stm32f10x_usart.o(.text)
    USART_LINBreakDetectLengthConfig         0x080048b3   Thumb Code    18  stm32f10x_usart.o(.text)
    USART_LINCmd                             0x080048c5   Thumb Code    24  stm32f10x_usart.o(.text)
    USART_SendData                           0x080048dd   Thumb Code     8  stm32f10x_usart.o(.text)
    USART_ReceiveData                        0x080048e5   Thumb Code    10  stm32f10x_usart.o(.text)
    USART_SendBreak                          0x080048ef   Thumb Code    10  stm32f10x_usart.o(.text)
    USART_SetGuardTime                       0x080048f9   Thumb Code    16  stm32f10x_usart.o(.text)
    USART_SetPrescaler                       0x08004909   Thumb Code    16  stm32f10x_usart.o(.text)
    USART_SmartCardCmd                       0x08004919   Thumb Code    24  stm32f10x_usart.o(.text)
    USART_SmartCardNACKCmd                   0x08004931   Thumb Code    24  stm32f10x_usart.o(.text)
    USART_HalfDuplexCmd                      0x08004949   Thumb Code    24  stm32f10x_usart.o(.text)
    USART_OverSampling8Cmd                   0x08004961   Thumb Code    22  stm32f10x_usart.o(.text)
    USART_OneBitMethodCmd                    0x08004977   Thumb Code    24  stm32f10x_usart.o(.text)
    USART_IrDAConfig                         0x0800498f   Thumb Code    18  stm32f10x_usart.o(.text)
    USART_IrDACmd                            0x080049a1   Thumb Code    24  stm32f10x_usart.o(.text)
    USART_GetFlagStatus                      0x080049b9   Thumb Code    26  stm32f10x_usart.o(.text)
    USART_ClearFlag                          0x080049d3   Thumb Code    18  stm32f10x_usart.o(.text)
    USART_GetITStatus                        0x080049e5   Thumb Code    84  stm32f10x_usart.o(.text)
    USART_ClearITPendingBit                  0x08004a39   Thumb Code    52  stm32f10x_usart.o(.text)
    TIM_DeInit                               0x08004a6d   Thumb Code   424  stm32f10x_tim.o(.text)
    TIM_TimeBaseInit                         0x08004c15   Thumb Code   122  stm32f10x_tim.o(.text)
    TIM_OC1Init                              0x08004c8f   Thumb Code   132  stm32f10x_tim.o(.text)
    TIM_OC2Init                              0x08004d13   Thumb Code   154  stm32f10x_tim.o(.text)
    TIM_OC3Init                              0x08004dad   Thumb Code   150  stm32f10x_tim.o(.text)
    TIM_OC4Init                              0x08004e43   Thumb Code   182  stm32f10x_tim.o(.text)
    TIM_SetIC4Prescaler                      0x08004ef9   Thumb Code    26  stm32f10x_tim.o(.text)
    TIM_SetIC3Prescaler                      0x08004f95   Thumb Code    18  stm32f10x_tim.o(.text)
    TIM_SetIC2Prescaler                      0x08005021   Thumb Code    26  stm32f10x_tim.o(.text)
    TIM_SetIC1Prescaler                      0x080050bd   Thumb Code    18  stm32f10x_tim.o(.text)
    TIM_ICInit                               0x0800513b   Thumb Code   150  stm32f10x_tim.o(.text)
    TIM_PWMIConfig                           0x080051d1   Thumb Code   124  stm32f10x_tim.o(.text)
    TIM_BDTRConfig                           0x0800524d   Thumb Code    32  stm32f10x_tim.o(.text)
    TIM_TimeBaseStructInit                   0x0800526d   Thumb Code    18  stm32f10x_tim.o(.text)
    TIM_OCStructInit                         0x0800527f   Thumb Code    20  stm32f10x_tim.o(.text)
    TIM_ICStructInit                         0x08005293   Thumb Code    18  stm32f10x_tim.o(.text)
    TIM_BDTRStructInit                       0x080052a5   Thumb Code    40  stm32f10x_tim.o(.text)
    TIM_Cmd                                  0x080052cd   Thumb Code    24  stm32f10x_tim.o(.text)
    TIM_CtrlPWMOutputs                       0x080052e5   Thumb Code    30  stm32f10x_tim.o(.text)
    TIM_ITConfig                             0x08005303   Thumb Code    18  stm32f10x_tim.o(.text)
    TIM_GenerateEvent                        0x08005315   Thumb Code     4  stm32f10x_tim.o(.text)
    TIM_DMAConfig                            0x08005319   Thumb Code    10  stm32f10x_tim.o(.text)
    TIM_DMACmd                               0x08005323   Thumb Code    18  stm32f10x_tim.o(.text)
    TIM_InternalClockConfig                  0x08005335   Thumb Code    12  stm32f10x_tim.o(.text)
    TIM_SelectInputTrigger                   0x08005341   Thumb Code    18  stm32f10x_tim.o(.text)
    TIM_ITRxExternalClockConfig              0x08005353   Thumb Code    24  stm32f10x_tim.o(.text)
    TIM_TIxExternalClockConfig               0x0800536b   Thumb Code    62  stm32f10x_tim.o(.text)
    TIM_ETRConfig                            0x080053a9   Thumb Code    28  stm32f10x_tim.o(.text)
    TIM_ETRClockMode1Config                  0x080053c5   Thumb Code    54  stm32f10x_tim.o(.text)
    TIM_ETRClockMode2Config                  0x080053fb   Thumb Code    32  stm32f10x_tim.o(.text)
    TIM_PrescalerConfig                      0x0800541b   Thumb Code     6  stm32f10x_tim.o(.text)
    TIM_CounterModeConfig                    0x08005421   Thumb Code    18  stm32f10x_tim.o(.text)
    TIM_EncoderInterfaceConfig               0x08005433   Thumb Code    66  stm32f10x_tim.o(.text)
    TIM_ForcedOC1Config                      0x08005475   Thumb Code    18  stm32f10x_tim.o(.text)
    TIM_ForcedOC2Config                      0x08005487   Thumb Code    26  stm32f10x_tim.o(.text)
    TIM_ForcedOC3Config                      0x080054a1   Thumb Code    18  stm32f10x_tim.o(.text)
    TIM_ForcedOC4Config                      0x080054b3   Thumb Code    26  stm32f10x_tim.o(.text)
    TIM_ARRPreloadConfig                     0x080054cd   Thumb Code    24  stm32f10x_tim.o(.text)
    TIM_SelectCOM                            0x080054e5   Thumb Code    24  stm32f10x_tim.o(.text)
    TIM_SelectCCDMA                          0x080054fd   Thumb Code    24  stm32f10x_tim.o(.text)
    TIM_CCPreloadControl                     0x08005515   Thumb Code    24  stm32f10x_tim.o(.text)
    TIM_OC1PreloadConfig                     0x0800552d   Thumb Code    18  stm32f10x_tim.o(.text)
    TIM_OC2PreloadConfig                     0x0800553f   Thumb Code    26  stm32f10x_tim.o(.text)
    TIM_OC3PreloadConfig                     0x08005559   Thumb Code    18  stm32f10x_tim.o(.text)
    TIM_OC4PreloadConfig                     0x0800556b   Thumb Code    26  stm32f10x_tim.o(.text)
    TIM_OC1FastConfig                        0x08005585   Thumb Code    18  stm32f10x_tim.o(.text)
    TIM_OC2FastConfig                        0x08005597   Thumb Code    26  stm32f10x_tim.o(.text)
    TIM_OC3FastConfig                        0x080055b1   Thumb Code    18  stm32f10x_tim.o(.text)
    TIM_OC4FastConfig                        0x080055c3   Thumb Code    26  stm32f10x_tim.o(.text)
    TIM_ClearOC1Ref                          0x080055dd   Thumb Code    18  stm32f10x_tim.o(.text)
    TIM_ClearOC2Ref                          0x080055ef   Thumb Code    24  stm32f10x_tim.o(.text)
    TIM_ClearOC3Ref                          0x08005607   Thumb Code    18  stm32f10x_tim.o(.text)
    TIM_ClearOC4Ref                          0x08005619   Thumb Code    24  stm32f10x_tim.o(.text)
    TIM_OC1PolarityConfig                    0x08005631   Thumb Code    18  stm32f10x_tim.o(.text)
    TIM_OC1NPolarityConfig                   0x08005643   Thumb Code    18  stm32f10x_tim.o(.text)
    TIM_OC2PolarityConfig                    0x08005655   Thumb Code    26  stm32f10x_tim.o(.text)
    TIM_OC2NPolarityConfig                   0x0800566f   Thumb Code    26  stm32f10x_tim.o(.text)
    TIM_OC3PolarityConfig                    0x08005689   Thumb Code    26  stm32f10x_tim.o(.text)
    TIM_OC3NPolarityConfig                   0x080056a3   Thumb Code    26  stm32f10x_tim.o(.text)
    TIM_OC4PolarityConfig                    0x080056bd   Thumb Code    26  stm32f10x_tim.o(.text)
    TIM_CCxCmd                               0x080056d7   Thumb Code    30  stm32f10x_tim.o(.text)
    TIM_CCxNCmd                              0x080056f5   Thumb Code    30  stm32f10x_tim.o(.text)
    TIM_SelectOCxM                           0x08005713   Thumb Code    82  stm32f10x_tim.o(.text)
    TIM_UpdateDisableConfig                  0x08005765   Thumb Code    24  stm32f10x_tim.o(.text)
    TIM_UpdateRequestConfig                  0x0800577d   Thumb Code    24  stm32f10x_tim.o(.text)
    TIM_SelectHallSensor                     0x08005795   Thumb Code    24  stm32f10x_tim.o(.text)
    TIM_SelectOnePulseMode                   0x080057ad   Thumb Code    18  stm32f10x_tim.o(.text)
    TIM_SelectOutputTrigger                  0x080057bf   Thumb Code    18  stm32f10x_tim.o(.text)
    TIM_SelectSlaveMode                      0x080057d1   Thumb Code    18  stm32f10x_tim.o(.text)
    TIM_SelectMasterSlaveMode                0x080057e3   Thumb Code    18  stm32f10x_tim.o(.text)
    TIM_SetCounter                           0x080057f5   Thumb Code     4  stm32f10x_tim.o(.text)
    TIM_SetAutoreload                        0x080057f9   Thumb Code     4  stm32f10x_tim.o(.text)
    TIM_SetCompare1                          0x080057fd   Thumb Code     4  stm32f10x_tim.o(.text)
    TIM_SetCompare2                          0x08005801   Thumb Code     4  stm32f10x_tim.o(.text)
    TIM_SetCompare3                          0x08005805   Thumb Code     4  stm32f10x_tim.o(.text)
    TIM_SetCompare4                          0x08005809   Thumb Code     6  stm32f10x_tim.o(.text)
    TIM_SetClockDivision                     0x0800580f   Thumb Code    18  stm32f10x_tim.o(.text)
    TIM_GetCapture1                          0x08005821   Thumb Code     6  stm32f10x_tim.o(.text)
    TIM_GetCapture2                          0x08005827   Thumb Code     6  stm32f10x_tim.o(.text)
    TIM_GetCapture3                          0x0800582d   Thumb Code     6  stm32f10x_tim.o(.text)
    TIM_GetCapture4                          0x08005833   Thumb Code     8  stm32f10x_tim.o(.text)
    TIM_GetCounter                           0x0800583b   Thumb Code     6  stm32f10x_tim.o(.text)
    TIM_GetPrescaler                         0x08005841   Thumb Code     6  stm32f10x_tim.o(.text)
    TIM_GetFlagStatus                        0x08005847   Thumb Code    18  stm32f10x_tim.o(.text)
    TIM_ClearFlag                            0x08005859   Thumb Code     6  stm32f10x_tim.o(.text)
    TIM_GetITStatus                          0x0800585f   Thumb Code    34  stm32f10x_tim.o(.text)
    TIM_ClearITPendingBit                    0x08005881   Thumb Code     6  stm32f10x_tim.o(.text)
    __use_no_semihosting                     0x08005887   Thumb Code     2  use_no_semi_2.o(.text)
    __use_two_region_memory                  0x08005889   Thumb Code     2  heapauxi.o(.text)
    __rt_heap_escrow$2region                 0x0800588b   Thumb Code     2  heapauxi.o(.text)
    __rt_heap_expand$2region                 0x0800588d   Thumb Code     2  heapauxi.o(.text)
    __I$use$semihosting                      0x0800588f   Thumb Code     0  use_no_semi.o(.text)
    __use_no_semihosting_swi                 0x0800588f   Thumb Code     2  use_no_semi.o(.text)
    __read_errno                             0x08005891   Thumb Code    10  _rserrno.o(.text)
    __set_errno                              0x0800589b   Thumb Code    12  _rserrno.o(.text)
    __aeabi_errno_addr                       0x080058a9   Thumb Code     8  rt_errno_addr_intlibspace.o(.text)
    __errno$intlibspace                      0x080058a9   Thumb Code     0  rt_errno_addr_intlibspace.o(.text)
    __rt_errno_addr$intlibspace              0x080058a9   Thumb Code     0  rt_errno_addr_intlibspace.o(.text)
    __user_libspace                          0x080058b1   Thumb Code     8  libspace.o(.text)
    __user_perproc_libspace                  0x080058b1   Thumb Code     0  libspace.o(.text)
    __user_perthread_libspace                0x080058b1   Thumb Code     0  libspace.o(.text)
    __user_setup_stackheap                   0x080058b9   Thumb Code    74  sys_stackheap_outer.o(.text)
    exit                                     0x08005903   Thumb Code    12  exit.o(.text)
    sqrt                                     0x0800590f   Thumb Code    76  sqrt.o(i.sqrt)
    __fpl_dcmp_Inf                           0x0800595b   Thumb Code    24  dcmpi.o(x$fpl$dcmpinf)
    __aeabi_d2iz                             0x08005975   Thumb Code     0  dfix.o(x$fpl$dfix)
    _dfix                                    0x08005975   Thumb Code    94  dfix.o(x$fpl$dfix)
    __aeabi_d2uiz                            0x080059d5   Thumb Code     0  dfixu.o(x$fpl$dfixu)
    _dfixu                                   0x080059d5   Thumb Code    90  dfixu.o(x$fpl$dfixu)
    __aeabi_i2d                              0x08005a2f   Thumb Code     0  dflt_clz.o(x$fpl$dflt)
    _dflt                                    0x08005a2f   Thumb Code    46  dflt_clz.o(x$fpl$dflt)
    __aeabi_ui2d                             0x08005a5d   Thumb Code     0  dflt_clz.o(x$fpl$dfltu)
    _dfltu                                   0x08005a5d   Thumb Code    38  dflt_clz.o(x$fpl$dfltu)
    __aeabi_cdcmple                          0x08005a85   Thumb Code     0  dleqf.o(x$fpl$dleqf)
    _dcmple                                  0x08005a85   Thumb Code   120  dleqf.o(x$fpl$dleqf)
    __fpl_dcmple_InfNaN                      0x08005ae7   Thumb Code     0  dleqf.o(x$fpl$dleqf)
    __aeabi_dmul                             0x08005afd   Thumb Code     0  dmul.o(x$fpl$dmul)
    _dmul                                    0x08005afd   Thumb Code   332  dmul.o(x$fpl$dmul)
    __fpl_dnaninf                            0x08005c51   Thumb Code   156  dnaninf.o(x$fpl$dnaninf)
    __fpl_dretinf                            0x08005ced   Thumb Code    12  dretinf.o(x$fpl$dretinf)
    __aeabi_cdrcmple                         0x08005cf9   Thumb Code     0  drleqf.o(x$fpl$drleqf)
    _drcmple                                 0x08005cf9   Thumb Code   108  drleqf.o(x$fpl$drleqf)
    _dsqrt                                   0x08005d65   Thumb Code   456  dsqrt_noumaal.o(x$fpl$dsqrt)
    __aeabi_f2d                              0x08005f31   Thumb Code     0  f2d.o(x$fpl$f2d)
    _f2d                                     0x08005f31   Thumb Code    86  f2d.o(x$fpl$f2d)
    __aeabi_fadd                             0x08005f89   Thumb Code     0  faddsub_clz.o(x$fpl$fadd)
    _fadd                                    0x08005f89   Thumb Code   196  faddsub_clz.o(x$fpl$fadd)
    __aeabi_fdiv                             0x0800604d   Thumb Code     0  fdiv.o(x$fpl$fdiv)
    _fdiv                                    0x0800604d   Thumb Code   384  fdiv.o(x$fpl$fdiv)
    __aeabi_f2iz                             0x080061d1   Thumb Code     0  ffix.o(x$fpl$ffix)
    _ffix                                    0x080061d1   Thumb Code    54  ffix.o(x$fpl$ffix)
    __aeabi_f2uiz                            0x08006209   Thumb Code     0  ffixu.o(x$fpl$ffixu)
    _ffixu                                   0x08006209   Thumb Code    62  ffixu.o(x$fpl$ffixu)
    __aeabi_i2f                              0x08006249   Thumb Code     0  fflt_clz.o(x$fpl$fflt)
    _fflt                                    0x08006249   Thumb Code    48  fflt_clz.o(x$fpl$fflt)
    __aeabi_ui2f                             0x08006279   Thumb Code     0  fflt_clz.o(x$fpl$ffltu)
    _ffltu                                   0x08006279   Thumb Code    38  fflt_clz.o(x$fpl$ffltu)
    __aeabi_fmul                             0x080062a1   Thumb Code     0  fmul.o(x$fpl$fmul)
    _fmul                                    0x080062a1   Thumb Code   258  fmul.o(x$fpl$fmul)
    __fpl_fnaninf                            0x080063a3   Thumb Code   140  fnaninf.o(x$fpl$fnaninf)
    __fpl_fretinf                            0x0800642f   Thumb Code    10  fretinf.o(x$fpl$fretinf)
    __aeabi_fsub                             0x08006439   Thumb Code     0  faddsub_clz.o(x$fpl$fsub)
    _fsub                                    0x08006439   Thumb Code   234  faddsub_clz.o(x$fpl$fsub)
    __I$use$fp                               0x08006522   Number         0  usenofp.o(x$fpl$usenofp)
    gImage_image                             0x08006522   Data       153600  main.o(.constdata)
    gImage_imageMain                         0x0802bd22   Data       153600  cwstmdlg.o(.constdata)
    gImage_NUM0                              0x08051522   Data         352  cwstmdlg.o(.constdata)
    gImage_NUM1                              0x08051682   Data         352  cwstmdlg.o(.constdata)
    gImage_NUM2                              0x080517e2   Data         352  cwstmdlg.o(.constdata)
    gImage_NUM3                              0x08051942   Data         352  cwstmdlg.o(.constdata)
    gImage_NUM4                              0x08051aa2   Data         352  cwstmdlg.o(.constdata)
    gImage_NUM5                              0x08051c02   Data         352  cwstmdlg.o(.constdata)
    gImage_NUM6                              0x08051d62   Data         352  cwstmdlg.o(.constdata)
    gImage_NUM7                              0x08051ec2   Data         352  cwstmdlg.o(.constdata)
    gImage_NUM8                              0x08052022   Data         352  cwstmdlg.o(.constdata)
    gImage_NUM9                              0x08052182   Data         352  cwstmdlg.o(.constdata)
    gImage_CALMain                           0x080522e2   Data       153600  cwstmdlg.o(.constdata)
    asc2_1206                                0x08077ae2   Data        1140  lcdbsp.o(.constdata)
    asc2_1608                                0x08077f56   Data        1520  lcdbsp.o(.constdata)
    asc2_2412                                0x08078546   Data        3420  lcdbsp.o(.constdata)
    Region$$Table$$Base                      0x08079320   Number         0  anon$$obj.o(Region$$Table)
    Region$$Table$$Limit                     0x08079340   Number         0  anon$$obj.o(Region$$Table)
    i                                        0x20000000   Data           4  main.o(.data)
    SystemCoreClock                          0x20000004   Data           4  system_stm32f10x.o(.data)
    AHBPrescTable                            0x20000008   Data          16  system_stm32f10x.o(.data)
    tp_dev                                   0x2000001c   Data          40  touch.o(.data)
    CMD_RDX                                  0x20000044   Data           1  touch.o(.data)
    CMD_RDY                                  0x20000045   Data           1  touch.o(.data)
    TP_REMIND_MSG_TBL                        0x20000048   Data           4  touch.o(.data)
    curFrame                                 0x2000004c   Data           4  cwstmdlg.o(.data)
    dataindex                                0x20000050   Data           4  cwstmdlg.o(.data)
    POINT_COLOR                              0x20000054   Data           2  lcdbsp.o(.data)
    BACK_COLOR                               0x20000056   Data           2  lcdbsp.o(.data)
    __stdout                                 0x2000005c   Data           4  usart.o(.data)
    USART_RX_STA                             0x20000060   Data           2  usart.o(.data)
    imageGroup                               0x20000078   Data          12  main.o(.bss)
    totalFrame                               0x20000084   Data         304  cwstmdlg.o(.bss)
    totalCTL                                 0x200001b4   Data         420  cwstmdlg.o(.bss)
    totaldata                                0x20000358   Data          96  cwstmdlg.o(.bss)
    showstr                                  0x200003b8   Data         104  cwstmdlg.o(.bss)
    imgnum                                   0x20000420   Data          40  data.o(.bss)
    lcddev                                   0x20000448   Data          14  lcdbsp.o(.bss)
    USART_RX_BUF                             0x20000456   Data         200  usart.o(.bss)
    __libspace_start                         0x20000520   Data          96  libspace.o(.bss)
    __temporary_stack_top$libspace           0x20000580   Data           0  libspace.o(.bss)



==============================================================================

Memory Map of the image

  Image Entry point : 0x08000131

  Load Region LR_IROM1 (Base: 0x08000000, Size: 0x000793b8, Max: 0x00080000, ABSOLUTE)

    Execution Region ER_IROM1 (Base: 0x08000000, Size: 0x00079340, Max: 0x00080000, ABSOLUTE)

    Base Addr    Size         Type   Attr      Idx    E Section Name        Object

    0x08000000   0x00000130   Data   RO          493    RESET               startup_stm32f10x_hd.o
    0x08000130   0x00000008   Code   RO          594  * !!!main             c_w.l(__main.o)
    0x08000138   0x00000034   Code   RO          828    !!!scatter          c_w.l(__scatter.o)
    0x0800016c   0x0000001a   Code   RO          830    !!handler_copy      c_w.l(__scatter_copy.o)
    0x08000186   0x00000002   PAD
    0x08000188   0x0000001c   Code   RO          832    !!handler_zi        c_w.l(__scatter_zi.o)
    0x080001a4   0x00000002   Code   RO          706    .ARM.Collect$$libinit$$00000000  c_w.l(libinit.o)
    0x080001a6   0x00000000   Code   RO          710    .ARM.Collect$$libinit$$00000002  c_w.l(libinit2.o)
    0x080001a6   0x00000000   Code   RO          712    .ARM.Collect$$libinit$$00000004  c_w.l(libinit2.o)
    0x080001a6   0x00000000   Code   RO          715    .ARM.Collect$$libinit$$0000000A  c_w.l(libinit2.o)
    0x080001a6   0x00000000   Code   RO          717    .ARM.Collect$$libinit$$0000000C  c_w.l(libinit2.o)
    0x080001a6   0x00000000   Code   RO          719    .ARM.Collect$$libinit$$0000000E  c_w.l(libinit2.o)
    0x080001a6   0x00000000   Code   RO          722    .ARM.Collect$$libinit$$00000011  c_w.l(libinit2.o)
    0x080001a6   0x00000000   Code   RO          724    .ARM.Collect$$libinit$$00000013  c_w.l(libinit2.o)
    0x080001a6   0x00000000   Code   RO          726    .ARM.Collect$$libinit$$00000015  c_w.l(libinit2.o)
    0x080001a6   0x00000000   Code   RO          728    .ARM.Collect$$libinit$$00000017  c_w.l(libinit2.o)
    0x080001a6   0x00000000   Code   RO          730    .ARM.Collect$$libinit$$00000019  c_w.l(libinit2.o)
    0x080001a6   0x00000000   Code   RO          732    .ARM.Collect$$libinit$$0000001B  c_w.l(libinit2.o)
    0x080001a6   0x00000000   Code   RO          734    .ARM.Collect$$libinit$$0000001D  c_w.l(libinit2.o)
    0x080001a6   0x00000000   Code   RO          736    .ARM.Collect$$libinit$$0000001F  c_w.l(libinit2.o)
    0x080001a6   0x00000000   Code   RO          738    .ARM.Collect$$libinit$$00000021  c_w.l(libinit2.o)
    0x080001a6   0x00000000   Code   RO          740    .ARM.Collect$$libinit$$00000023  c_w.l(libinit2.o)
    0x080001a6   0x00000000   Code   RO          742    .ARM.Collect$$libinit$$00000025  c_w.l(libinit2.o)
    0x080001a6   0x00000000   Code   RO          746    .ARM.Collect$$libinit$$0000002C  c_w.l(libinit2.o)
    0x080001a6   0x00000000   Code   RO          748    .ARM.Collect$$libinit$$0000002E  c_w.l(libinit2.o)
    0x080001a6   0x00000000   Code   RO          750    .ARM.Collect$$libinit$$00000030  c_w.l(libinit2.o)
    0x080001a6   0x00000000   Code   RO          752    .ARM.Collect$$libinit$$00000032  c_w.l(libinit2.o)
    0x080001a6   0x00000002   Code   RO          753    .ARM.Collect$$libinit$$00000033  c_w.l(libinit2.o)
    0x080001a8   0x00000002   Code   RO          771    .ARM.Collect$$libshutdown$$00000000  c_w.l(libshutdown.o)
    0x080001aa   0x00000000   Code   RO          782    .ARM.Collect$$libshutdown$$00000003  c_w.l(libshutdown2.o)
    0x080001aa   0x00000000   Code   RO          785    .ARM.Collect$$libshutdown$$00000006  c_w.l(libshutdown2.o)
    0x080001aa   0x00000000   Code   RO          788    .ARM.Collect$$libshutdown$$00000009  c_w.l(libshutdown2.o)
    0x080001aa   0x00000000   Code   RO          790    .ARM.Collect$$libshutdown$$0000000B  c_w.l(libshutdown2.o)
    0x080001aa   0x00000000   Code   RO          793    .ARM.Collect$$libshutdown$$0000000E  c_w.l(libshutdown2.o)
    0x080001aa   0x00000002   Code   RO          794    .ARM.Collect$$libshutdown$$0000000F  c_w.l(libshutdown2.o)
    0x080001ac   0x00000000   Code   RO          654    .ARM.Collect$$rtentry$$00000000  c_w.l(__rtentry.o)
    0x080001ac   0x00000000   Code   RO          675    .ARM.Collect$$rtentry$$00000002  c_w.l(__rtentry2.o)
    0x080001ac   0x00000006   Code   RO          687    .ARM.Collect$$rtentry$$00000004  c_w.l(__rtentry4.o)
    0x080001b2   0x00000000   Code   RO          677    .ARM.Collect$$rtentry$$00000009  c_w.l(__rtentry2.o)
    0x080001b2   0x00000004   Code   RO          678    .ARM.Collect$$rtentry$$0000000A  c_w.l(__rtentry2.o)
    0x080001b6   0x00000000   Code   RO          680    .ARM.Collect$$rtentry$$0000000C  c_w.l(__rtentry2.o)
    0x080001b6   0x00000008   Code   RO          681    .ARM.Collect$$rtentry$$0000000D  c_w.l(__rtentry2.o)
    0x080001be   0x00000002   Code   RO          707    .ARM.Collect$$rtexit$$00000000  c_w.l(rtexit.o)
    0x080001c0   0x00000000   Code   RO          755    .ARM.Collect$$rtexit$$00000002  c_w.l(rtexit2.o)
    0x080001c0   0x00000004   Code   RO          756    .ARM.Collect$$rtexit$$00000003  c_w.l(rtexit2.o)
    0x080001c4   0x00000006   Code   RO          757    .ARM.Collect$$rtexit$$00000004  c_w.l(rtexit2.o)
    0x080001ca   0x00000002   PAD
    0x080001cc   0x00000368   Code   RO            1    .text               main.o
    0x08000534   0x0000001a   Code   RO          158    .text               stm32f10x_it.o
    0x0800054e   0x00000002   PAD
    0x08000550   0x000001e0   Code   RO          199    .text               system_stm32f10x.o
    0x08000730   0x00000084   Code   RO          217    .text               led.o
    0x080007b4   0x000000fc   Code   RO          229    .text               key.o
    0x080008b0   0x00000280   Code   RO          242    .text               myiic.o
    0x08000b30   0x0000017a   Code   RO          254    .text               24cxx.o
    0x08000caa   0x00000002   PAD
    0x08000cac   0x00000f68   Code   RO          300    .text               touch.o
    0x08001c14   0x00000a74   Code   RO          326    .text               cwstmdlg.o
    0x08002688   0x00000138   Code   RO          356    .text               data.o
    0x080027c0   0x00000d20   Code   RO          371    .text               lcdbsp.o
    0x080034e0   0x00000134   Code   RO          419    .text               timer.o
    0x08003614   0x000000d4   Code   RO          431    .text               delay.o
    0x080036e8   0x0000000c   Code   RO          445    .text               sys.o
    0x080036f4   0x00000148   Code   RO          457    .text               usart.o
    0x0800383c   0x00000040   Code   RO          494    .text               startup_stm32f10x_hd.o
    0x0800387c   0x000000dc   Code   RO          498    .text               misc.o
    0x08003958   0x0000060c   Code   RO          510    .text               stm32f10x_fsmc.o
    0x08003f64   0x0000035c   Code   RO          522    .text               stm32f10x_gpio.o
    0x080042c0   0x000003a4   Code   RO          534    .text               stm32f10x_rcc.o
    0x08004664   0x00000408   Code   RO          560    .text               stm32f10x_usart.o
    0x08004a6c   0x00000e1a   Code   RO          572    .text               stm32f10x_tim.o
    0x08005886   0x00000002   Code   RO          586    .text               c_w.l(use_no_semi_2.o)
    0x08005888   0x00000006   Code   RO          592    .text               c_w.l(heapauxi.o)
    0x0800588e   0x00000002   Code   RO          652    .text               c_w.l(use_no_semi.o)
    0x08005890   0x00000016   Code   RO          655    .text               c_w.l(_rserrno.o)
    0x080058a6   0x00000002   PAD
    0x080058a8   0x00000008   Code   RO          692    .text               c_w.l(rt_errno_addr_intlibspace.o)
    0x080058b0   0x00000008   Code   RO          694    .text               c_w.l(libspace.o)
    0x080058b8   0x0000004a   Code   RO          697    .text               c_w.l(sys_stackheap_outer.o)
    0x08005902   0x0000000c   Code   RO          699    .text               c_w.l(exit.o)
    0x0800590e   0x0000004c   Code   RO          645    i.sqrt              m_ws.l(sqrt.o)
    0x0800595a   0x00000018   Code   RO          661    x$fpl$dcmpinf       fz_ws.l(dcmpi.o)
    0x08005972   0x00000002   PAD
    0x08005974   0x0000005e   Code   RO          596    x$fpl$dfix          fz_ws.l(dfix.o)
    0x080059d2   0x00000002   PAD
    0x080059d4   0x0000005a   Code   RO          600    x$fpl$dfixu         fz_ws.l(dfixu.o)
    0x08005a2e   0x0000002e   Code   RO          605    x$fpl$dflt          fz_ws.l(dflt_clz.o)
    0x08005a5c   0x00000026   Code   RO          604    x$fpl$dfltu         fz_ws.l(dflt_clz.o)
    0x08005a82   0x00000002   PAD
    0x08005a84   0x00000078   Code   RO          610    x$fpl$dleqf         fz_ws.l(dleqf.o)
    0x08005afc   0x00000154   Code   RO          612    x$fpl$dmul          fz_ws.l(dmul.o)
    0x08005c50   0x0000009c   Code   RO          663    x$fpl$dnaninf       fz_ws.l(dnaninf.o)
    0x08005cec   0x0000000c   Code   RO          665    x$fpl$dretinf       fz_ws.l(dretinf.o)
    0x08005cf8   0x0000006c   Code   RO          614    x$fpl$drleqf        fz_ws.l(drleqf.o)
    0x08005d64   0x000001cc   Code   RO          667    x$fpl$dsqrt         fz_ws.l(dsqrt_noumaal.o)
    0x08005f30   0x00000056   Code   RO          616    x$fpl$f2d           fz_ws.l(f2d.o)
    0x08005f86   0x00000002   PAD
    0x08005f88   0x000000c4   Code   RO          618    x$fpl$fadd          fz_ws.l(faddsub_clz.o)
    0x0800604c   0x00000184   Code   RO          625    x$fpl$fdiv          fz_ws.l(fdiv.o)
    0x080061d0   0x00000036   Code   RO          628    x$fpl$ffix          fz_ws.l(ffix.o)
    0x08006206   0x00000002   PAD
    0x08006208   0x0000003e   Code   RO          632    x$fpl$ffixu         fz_ws.l(ffixu.o)
    0x08006246   0x00000002   PAD
    0x08006248   0x00000030   Code   RO          637    x$fpl$fflt          fz_ws.l(fflt_clz.o)
    0x08006278   0x00000026   Code   RO          636    x$fpl$ffltu         fz_ws.l(fflt_clz.o)
    0x0800629e   0x00000002   PAD
    0x080062a0   0x00000102   Code   RO          642    x$fpl$fmul          fz_ws.l(fmul.o)
    0x080063a2   0x0000008c   Code   RO          669    x$fpl$fnaninf       fz_ws.l(fnaninf.o)
    0x0800642e   0x0000000a   Code   RO          671    x$fpl$fretinf       fz_ws.l(fretinf.o)
    0x08006438   0x000000ea   Code   RO          620    x$fpl$fsub          fz_ws.l(faddsub_clz.o)
    0x08006522   0x00000000   Code   RO          673    x$fpl$usenofp       fz_ws.l(usenofp.o)
    0x08006522   0x00025800   Data   RO            3    .constdata          main.o
    0x0802bd22   0x0004bdc0   Data   RO          328    .constdata          cwstmdlg.o
    0x08077ae2   0x000017c0   Data   RO          373    .constdata          lcdbsp.o
    0x080792a2   0x00000002   PAD
    0x080792a4   0x00000079   Data   RO          301    .conststring        touch.o
    0x0807931d   0x00000003   PAD
    0x08079320   0x00000020   Data   RO          826    Region$$Table       anon$$obj.o


    Execution Region RW_IRAM1 (Base: 0x20000000, Size: 0x00000b80, Max: 0x00010000, ABSOLUTE)

    Base Addr    Size         Type   Attr      Idx    E Section Name        Object

    0x20000000   0x00000004   Data   RW            4    .data               main.o
    0x20000004   0x00000014   Data   RW          200    .data               system_stm32f10x.o
    0x20000018   0x00000001   Data   RW          230    .data               key.o
    0x20000019   0x00000003   PAD
    0x2000001c   0x00000030   Data   RW          302    .data               touch.o
    0x2000004c   0x00000008   Data   RW          329    .data               cwstmdlg.o
    0x20000054   0x00000004   Data   RW          374    .data               lcdbsp.o
    0x20000058   0x00000004   Data   RW          432    .data               delay.o
    0x2000005c   0x00000006   Data   RW          459    .data               usart.o
    0x20000062   0x00000014   Data   RW          535    .data               stm32f10x_rcc.o
    0x20000076   0x00000002   PAD
    0x20000078   0x0000000c   Zero   RW            2    .bss                main.o
    0x20000084   0x0000039c   Zero   RW          327    .bss                cwstmdlg.o
    0x20000420   0x00000028   Zero   RW          357    .bss                data.o
    0x20000448   0x0000000e   Zero   RW          372    .bss                lcdbsp.o
    0x20000456   0x000000c8   Zero   RW          458    .bss                usart.o
    0x2000051e   0x00000002   PAD
    0x20000520   0x00000060   Zero   RW          695    .bss                c_w.l(libspace.o)
    0x20000580   0x00000200   Zero   RW          492    HEAP                startup_stm32f10x_hd.o
    0x20000780   0x00000400   Zero   RW          491    STACK               startup_stm32f10x_hd.o


==============================================================================

Image component sizes


      Code (inc. data)   RO Data    RW Data    ZI Data      Debug   Object Name

       378          0          0          0          0       2610   24cxx.o
         0          0          0          0          0         32   core_cm3.o
      2676        158     310720          8        924       8333   cwstmdlg.o
       312         10          0          0         40       1199   data.o
       212         18          0          4          0        983   delay.o
       252         12          0          1          0        812   key.o
      3360         78       6080          4         14      12206   lcdbsp.o
       132         14          0          0          0        507   led.o
       872        124     153600          4         12     264645   main.o
       220         22          0          0          0       1765   misc.o
       640         14          0          0          0       1840   myiic.o
        64         26        304          0       1536        784   startup_stm32f10x_hd.o
      1548         18          0          0          0       5311   stm32f10x_fsmc.o
       860         38          0          0          0       5609   stm32f10x_gpio.o
        26          0          0          0          0       1162   stm32f10x_it.o
       932         36          0         20          0       8764   stm32f10x_rcc.o
      3610         88          0          0          0      22096   stm32f10x_tim.o
      1032         22          0          0          0       8336   stm32f10x_usart.o
        12          0          0          0          0        433   sys.o
       480         38          0         20          0       1683   system_stm32f10x.o
       308         16          0          0          0       1162   timer.o
      3944        212        121         48          0       6449   touch.o
       328         18          0          6        200       3106   usart.o

    ----------------------------------------------------------------------
     22202        962     470862        120       2728     359827   Object Totals
         0          0         32          0          0          0   (incl. Generated)
         4          0          5          5          2          0   (incl. Padding)

    ----------------------------------------------------------------------

      Code (inc. data)   RO Data    RW Data    ZI Data      Debug   Library Member Name

         8          0          0          0          0         68   __main.o
         0          0          0          0          0          0   __rtentry.o
        12          0          0          0          0          0   __rtentry2.o
         6          0          0          0          0          0   __rtentry4.o
        52          8          0          0          0          0   __scatter.o
        26          0          0          0          0          0   __scatter_copy.o
        28          0          0          0          0          0   __scatter_zi.o
        22          0          0          0          0        100   _rserrno.o
        12          0          0          0          0         72   exit.o
         6          0          0          0          0        152   heapauxi.o
         2          0          0          0          0          0   libinit.o
         2          0          0          0          0          0   libinit2.o
         2          0          0          0          0          0   libshutdown.o
         2          0          0          0          0          0   libshutdown2.o
         8          4          0          0         96         68   libspace.o
         8          4          0          0          0         68   rt_errno_addr_intlibspace.o
         2          0          0          0          0          0   rtexit.o
        10          0          0          0          0          0   rtexit2.o
        74          0          0          0          0         80   sys_stackheap_outer.o
         2          0          0          0          0         68   use_no_semi.o
         2          0          0          0          0         68   use_no_semi_2.o
        24          0          0          0          0         68   dcmpi.o
        94          4          0          0          0         92   dfix.o
        90          4          0          0          0         92   dfixu.o
        84          0          0          0          0        136   dflt_clz.o
       120          4          0          0          0         92   dleqf.o
       340         12          0          0          0        104   dmul.o
       156          4          0          0          0         92   dnaninf.o
        12          0          0          0          0         68   dretinf.o
       108          0          0          0          0         80   drleqf.o
       460         56          0          0          0        120   dsqrt_noumaal.o
        86          4          0          0          0         84   f2d.o
       430          8          0          0          0        168   faddsub_clz.o
       388         76          0          0          0         96   fdiv.o
        54          4          0          0          0         84   ffix.o
        62          4          0          0          0         84   ffixu.o
        86          0          0          0          0        136   fflt_clz.o
       258          4          0          0          0         84   fmul.o
       140          4          0          0          0         84   fnaninf.o
        10          0          0          0          0         68   fretinf.o
         0          0          0          0          0          0   usenofp.o
        76          0          0          0          0         84   sqrt.o

    ----------------------------------------------------------------------
      3384        204          0          0         96       2660   Library Totals
        20          0          0          0          0          0   (incl. Padding)

    ----------------------------------------------------------------------

      Code (inc. data)   RO Data    RW Data    ZI Data      Debug   Library Name

       286         16          0          0         96        744   c_w.l
      3002        188          0          0          0       1832   fz_ws.l
        76          0          0          0          0         84   m_ws.l

    ----------------------------------------------------------------------
      3384        204          0          0         96       2660   Library Totals

    ----------------------------------------------------------------------

==============================================================================


      Code (inc. data)   RO Data    RW Data    ZI Data      Debug   

     25586       1166     470862        120       2824     359311   Grand Totals
     25586       1166     470862        120       2824     359311   ELF Image Totals
     25586       1166     470862        120          0          0   ROM Totals

==============================================================================

    Total RO  Size (Code + RO Data)               496448 ( 484.81kB)
    Total RW  Size (RW Data + ZI Data)              2944 (   2.88kB)
    Total ROM Size (Code + RO Data + RW Data)     496568 ( 484.93kB)

==============================================================================

