<html>
<body>
<pre>
<h1>礦ision Build Log</h1>
<h2>Tool Versions:</h2>
IDE-Version: μVision V5.14.0.0
Copyright (C) 2015 ARM Ltd and ARM Germany GmbH. All rights reserved.
License Information: robojun Microsoft, Microsoft, LIC=----
 
Tool Versions:
Toolchain:       MDK-Lite  Version: 5.14.0.0
Toolchain Path:  C:\Keil_v5\ARM\ARMCC\Bin
C Compiler:      Armcc.exe V5.05 update 1 (build 106)
Assembler:       Armasm.exe V5.05 update 1 (build 106)
Linker/Locator:  ArmLink.exe V5.05 update 1 (build 106)
Library Manager: ArmAr.exe V5.05 update 1 (build 106)
Hex Converter:   FromElf.exe V5.05 update 1 (build 106)
CPU DLL:         SARMCM3.DLL V5.14.0.0
Dialog DLL:      DARMSTM.DLL V1.65.0.0
Target DLL:      STLink\ST-LINKIII-KEIL_SWO.dll V2.0.14.0_KEIL
Dialog DLL:      TARMSTM.DLL V1.64.0.0
 
<h2>Project:</h2>
D:\app\rbj\now\太极M3V1.2_STM32开发板配套资料\2017.12.19更新_太极M3V1.2_STM32开发板配套资料\4、程序源码\001、配套基础例程源码\016、屏幕显示汉字例程\PROJECT\STM32F103.uvprojx
Project File Date:  12/12/2017

<h2>Output:</h2>
Rebuild target 'STM32F103'
compiling main.c...
compiling stm32f10x_it.c...
compiling system_stm32f10x.c...
compiling led.c...
compiling beep.c...
compiling usart.c...
compiling iospi.c...
compiling w25qxx.c...
compiling 24cxx.c...
compiling ioiic.c...
compiling LcdBsp.c...
compiling LcdApi.c...
compiling delay.c...
compiling sys.c...
compiling core_cm3.c...
assembling startup_stm32f10x_hd.s...
compiling misc.c...
compiling stm32f10x_gpio.c...
compiling stm32f10x_dbgmcu.c...
compiling stm32f10x_rcc.c...
compiling stm32f10x_usart.c...
compiling stm32f10x_fsmc.c...
linking...
Program Size: Code=6284 RO-data=7652 RW-data=48 ZI-data=1648  
FromELF: creating hex file...
"..\OUTFILE\OBJ\STM32F103.axf" - 0 Error(s), 0 Warning(s).
</pre>
</body>
</html>
